Component: ARM Compiler 5.06 update 1 (build 61) Tool: armlink [4d35a8]

==============================================================================

Section Cross References

    main.o(.text) refers to fflt_clz.o(x$fpl$ffltu) for __aeabi_ui2f
    main.o(.text) refers to fmul.o(x$fpl$fmul) for __aeabi_fmul
    main.o(.text) refers to ffixu.o(x$fpl$ffixu) for __aeabi_f2uiz
    main.o(.text) refers to dflt_clz.o(x$fpl$dflt) for __aeabi_i2d
    main.o(.text) refers to dmul.o(x$fpl$dmul) for __aeabi_dmul
    main.o(.text) refers to dfix.o(x$fpl$dfix) for __aeabi_d2iz
    main.o(.text) refers to floor.o(i.floor) for floor
    main.o(.text) refers to delay.o(.text) for delay_us
    main.o(.text) refers to lcd.o(.text) for LCD_Clear
    main.o(.text) refers to touch.o(.data) for tp_dev
    main.o(.text) refers to lcd.o(.bss) for lcddev
    main.o(.text) refers to main.o(.data) for stop
    main.o(.text) refers to main.o(.constdata) for array
    main.o(.text) refers to lcd.o(.data) for BACK_COLOR
    main.o(.text) refers to key.o(.text) for KEY_Scan
    main.o(.text) refers to sys.o(.text) for NVIC_Configuration
    main.o(.text) refers to usart.o(.text) for uart_init
    main.o(.text) refers to led.o(.text) for LED_Init
    system_stm32f10x.o(.text) refers to system_stm32f10x.o(.data) for SystemCoreClock
    led.o(.text) refers to stm32f10x_rcc.o(.text) for RCC_APB2PeriphClockCmd
    led.o(.text) refers to stm32f10x_gpio.o(.text) for GPIO_Init
    key.o(.text) refers to stm32f10x_rcc.o(.text) for RCC_APB2PeriphClockCmd
    key.o(.text) refers to stm32f10x_gpio.o(.text) for GPIO_Init
    lcd.o(.text) refers to lcd.o(.emb_text) for wait
    lcd.o(.text) refers to delay.o(.text) for delay_us
    lcd.o(.text) refers to stm32f10x_rcc.o(.text) for RCC_AHBPeriphClockCmd
    lcd.o(.text) refers to stm32f10x_gpio.o(.text) for GPIO_Init
    lcd.o(.text) refers to stm32f10x_fsmc.o(.text) for FSMC_NORSRAMInit
    lcd.o(.text) refers to lcd.o(.bss) for lcddev
    lcd.o(.text) refers to lcd.o(.data) for TextColor
    lcd.o(.text) refers to lcd.o(.constdata) for asc2_1206
    myiic.o(.text) refers to stm32f10x_rcc.o(.text) for RCC_APB2PeriphClockCmd
    myiic.o(.text) refers to stm32f10x_gpio.o(.text) for GPIO_Init
    myiic.o(.text) refers to delay.o(.text) for delay_us
    24cxx.o(.text) refers to myiic.o(.text) for IIC_Init
    24cxx.o(.text) refers to delay.o(.text) for delay_ms
    touch.o(.text) refers to _printf_percent.o(.ARM.Collect$$_printf_percent$$00000000) for _printf_percent
    touch.o(.text) refers to _printf_i.o(.ARM.Collect$$_printf_percent$$00000008) for _printf_i
    touch.o(.text) refers to _printf_dec.o(.text) for _printf_int_dec
    touch.o(.text) refers to delay.o(.text) for delay_us
    touch.o(.text) refers to lcd.o(.text) for LCD_DrawLine
    touch.o(.text) refers to fflt_clz.o(x$fpl$fflt) for __aeabi_i2f
    touch.o(.text) refers to fflt_clz.o(x$fpl$ffltu) for __aeabi_ui2f
    touch.o(.text) refers to fmul.o(x$fpl$fmul) for __aeabi_fmul
    touch.o(.text) refers to faddsub_clz.o(x$fpl$fadd) for __aeabi_fadd
    touch.o(.text) refers to ffixu.o(x$fpl$ffixu) for __aeabi_f2uiz
    touch.o(.text) refers to ffix.o(x$fpl$ffix) for __aeabi_f2iz
    touch.o(.text) refers to 24cxx.o(.text) for AT24CXX_WriteLenByte
    touch.o(.text) refers to touch.o(.data) for CMD_RDX
    touch.o(.text) refers to lcd.o(.data) for POINT_COLOR
    touch.o(.text) refers to noretval__2printf.o(.text) for __2printf
    touch.o(.text) refers to fdiv.o(x$fpl$fdiv) for __aeabi_fdiv
    touch.o(.text) refers to lcd.o(.bss) for lcddev
    touch.o(.text) refers to dflt_clz.o(x$fpl$dfltu) for __aeabi_ui2d
    touch.o(.text) refers to sqrt.o(i.sqrt) for sqrt
    touch.o(.text) refers to dfixu.o(x$fpl$dfixu) for __aeabi_d2uiz
    touch.o(.text) refers to f2d.o(x$fpl$f2d) for __aeabi_f2d
    touch.o(.text) refers to dleqf.o(x$fpl$dleqf) for __aeabi_cdcmple
    touch.o(.text) refers to drleqf.o(x$fpl$drleqf) for __aeabi_cdrcmple
    touch.o(.text) refers to faddsub_clz.o(x$fpl$fsub) for __aeabi_fsub
    touch.o(.text) refers to stm32f10x_rcc.o(.text) for RCC_APB2PeriphClockCmd
    touch.o(.text) refers to stm32f10x_gpio.o(.text) for GPIO_Init
    touch.o(.data) refers to touch.o(.text) for TP_Init
    touch.o(.data) refers to touch.o(.conststring) for .conststring
    delay.o(.text) refers to misc.o(.text) for SysTick_CLKSourceConfig
    delay.o(.text) refers to system_stm32f10x.o(.data) for SystemCoreClock
    delay.o(.text) refers to delay.o(.data) for fac_us
    sys.o(.text) refers to misc.o(.text) for NVIC_PriorityGroupConfig
    usart.o(.text) refers (Special) to use_no_semi_2.o(.text) for __use_no_semihosting
    usart.o(.text) refers to stm32f10x_rcc.o(.text) for RCC_APB2PeriphClockCmd
    usart.o(.text) refers to stm32f10x_usart.o(.text) for USART_DeInit
    usart.o(.text) refers to stm32f10x_gpio.o(.text) for GPIO_Init
    usart.o(.text) refers to misc.o(.text) for NVIC_Init
[...]
    libshutdown.o(.ARM.Collect$$libshutdown$$00000000) refers (Special) to libshutdown2.o(.ARM.Collect$$libshutdown$$00000004) for __rt_lib_shutdown_stdio_1
    libshutdown.o(.ARM.Collect$$libshutdown$$00000000) refers (Special) to libshutdown2.o(.ARM.Collect$$libshutdown$$0000000C) for __rt_lib_shutdown_user_alloc_1
    sys_command.o(.text) refers (Special) to use_no_semi.o(.text) for __I$use$semihosting
    sys_command.o(.text) refers (Special) to indicate_semi.o(.text) for __semihosting_library_function
    defsig_rtmem_outer.o(.text) refers to defsig_rtmem_inner.o(.text) for __rt_SIGRTMEM_inner
    defsig_rtmem_outer.o(.text) refers to defsig_exit.o(.text) for __sig_exit
    defsig_rtmem_formal.o(.text) refers to rt_raise.o(.text) for __rt_raise
    rt_raise.o(.text) refers to __raise.o(.text) for __raise
    rt_raise.o(.text) refers to usart.o(.text) for _sys_exit
    defsig_exit.o(.text) refers to usart.o(.text) for _sys_exit
    defsig_rtmem_inner.o(.text) refers to defsig_general.o(.text) for __default_signal_display
    __raise.o(.text) refers to defsig.o(CL$$defsig) for __default_signal_handler
    defsig_general.o(.text) refers to sys_wrch.o(.text) for _ttywrch
    sys_wrch.o(.text) refers (Special) to use_no_semi.o(.text) for __I$use$semihosting
    sys_wrch.o(.text) refers (Special) to indicate_semi.o(.text) for __semihosting_library_function
    defsig.o(CL$$defsig) refers to defsig_rtmem_inner.o(.text) for __rt_SIGRTMEM_inner
    defsig_abrt_inner.o(.text) refers to defsig_general.o(.text) for __default_signal_display
    defsig_fpe_inner.o(.text) refers to defsig_general.o(.text) for __default_signal_display
    defsig_rtred_inner.o(.text) refers to defsig_general.o(.text) for __default_signal_display
    defsig_stak_inner.o(.text) refers to defsig_general.o(.text) for __default_signal_display
    defsig_pvfn_inner.o(.text) refers to defsig_general.o(.text) for __default_signal_display
    defsig_cppl_inner.o(.text) refers to defsig_general.o(.text) for __default_signal_display
    defsig_segv_inner.o(.text) refers to defsig_general.o(.text) for __default_signal_display
    defsig_other.o(.text) refers to defsig_general.o(.text) for __default_signal_display


==============================================================================

Removing Unused input sections from the image.

    Removing main.o(.bss), (320 bytes).
    Removing stm32f10x_it.o(.data), (4 bytes).
    Removing core_cm3.o(.emb_text), (32 bytes).
    Removing stm32f10x_spi.o(.text), (780 bytes).
    Removing stm32f10x_adc.o(.text), (1102 bytes).

5 unused section(s) (total 2238 bytes) removed from the image.

==============================================================================

Image Symbol Table

    Local Symbols

    Symbol Name                              Value     Ov Type        Size  Object(Section)

    ../clib/angel/boardlib.s                 0x00000000   Number         0  boardinit3.o ABSOLUTE
    ../clib/angel/boardlib.s                 0x00000000   Number         0  boardinit2.o ABSOLUTE
    ../clib/angel/boardlib.s                 0x00000000   Number         0  boardinit1.o ABSOLUTE
    ../clib/angel/boardlib.s                 0x00000000   Number         0  boardshut.o ABSOLUTE
    ../clib/angel/handlers.s                 0x00000000   Number         0  __scatter_zi.o ABSOLUTE
    ../clib/angel/handlers.s                 0x00000000   Number         0  __scatter_copy.o ABSOLUTE
    ../clib/angel/kernel.s                   0x00000000   Number         0  __rtentry4.o ABSOLUTE
    ../clib/angel/kernel.s                   0x00000000   Number         0  __rtentry.o ABSOLUTE
    ../clib/angel/kernel.s                   0x00000000   Number         0  rtexit2.o ABSOLUTE
    ../clib/angel/kernel.s                   0x00000000   Number         0  rtexit.o ABSOLUTE
    ../clib/angel/kernel.s                   0x00000000   Number         0  __rtentry2.o ABSOLUTE
    ../clib/angel/rt.s                       0x00000000   Number         0  rt_errno_addr.o ABSOLUTE
    ../clib/angel/rt.s                       0x00000000   Number         0  rt_errno_addr_intlibspace.o ABSOLUTE
    ../clib/angel/rt.s                       0x00000000   Number         0  rt_raise.o ABSOLUTE
    ../clib/angel/scatter.s                  0x00000000   Number         0  __scatter.o ABSOLUTE
    ../clib/angel/startup.s                  0x00000000   Number         0  __main.o ABSOLUTE
    ../clib/angel/sys.s                      0x00000000   Number         0  libspace.o ABSOLUTE
    ../clib/angel/sys.s                      0x00000000   Number         0  indicate_semi.o ABSOLUTE
    ../clib/angel/sys.s                      0x00000000   Number         0  use_no_semi.o ABSOLUTE
    ../clib/angel/sys.s                      0x00000000   Number         0  sys_stackheap_outer.o ABSOLUTE
    ../clib/angel/sys.s                      0x00000000   Number         0  use_no_semi_2.o ABSOLUTE
    ../clib/angel/sysapp.c                   0x00000000   Number         0  sys_command.o ABSOLUTE
    ../clib/angel/sysapp.c                   0x00000000   Number         0  sys_wrch.o ABSOLUTE
    ../clib/armsys.c                         0x00000000   Number         0  no_argv.o ABSOLUTE
    ../clib/armsys.c                         0x00000000   Number         0  _get_argv_nomalloc.o ABSOLUTE
    ../clib/armsys.c                         0x00000000   Number         0  argv_veneer.o ABSOLUTE
    ../clib/armsys.c                         0x00000000   Number         0  argv_veneer.o ABSOLUTE
    ../clib/fenv.c                           0x00000000   Number         0  _rserrno.o ABSOLUTE
    ../clib/heapalloc.c                      0x00000000   Number         0  hrguard.o ABSOLUTE
    ../clib/heapaux.c                        0x00000000   Number         0  heapauxi.o ABSOLUTE
    ../clib/libinit.s                        0x00000000   Number         0  libshutdown.o ABSOLUTE
    ../clib/libinit.s                        0x00000000   Number         0  libinit.o ABSOLUTE
    ../clib/libinit.s                        0x00000000   Number         0  libshutdown2.o ABSOLUTE
    ../clib/libinit.s                        0x00000000   Number         0  libinit2.o ABSOLUTE
    ../clib/printf.c                         0x00000000   Number         0  __2printf.o ABSOLUTE
    ../clib/printf.c                         0x00000000   Number         0  noretval__2printf.o ABSOLUTE
    ../clib/printf.c                         0x00000000   Number         0  _printf_intcommon.o ABSOLUTE
    ../clib/printf.c                         0x00000000   Number         0  __printf.o ABSOLUTE
    ../clib/printf.c                         0x00000000   Number         0  __printf_flags.o ABSOLUTE
    ../clib/printf.c                         0x00000000   Number         0  __printf_ss.o ABSOLUTE
    ../clib/printf.c                         0x00000000   Number         0  __printf_flags_ss.o ABSOLUTE
    ../clib/printf.c                         0x00000000   Number         0  __printf_wp.o ABSOLUTE
    ../clib/printf.c                         0x00000000   Number         0  __printf_flags_wp.o ABSOLUTE
    ../clib/printf.c                         0x00000000   Number         0  __printf_ss_wp.o ABSOLUTE
    ../clib/printf.c                         0x00000000   Number         0  __printf_flags_ss_wp.o ABSOLUTE
    ../clib/printf.c                         0x00000000   Number         0  _printf_dec.o ABSOLUTE
    ../clib/printf.c                         0x00000000   Number         0  __printf_nopercent.o ABSOLUTE
    ../clib/printf.c                         0x00000000   Number         0  _printf_char_common.o ABSOLUTE
    ../clib/printf.c                         0x00000000   Number         0  _printf_char_file.o ABSOLUTE
    ../clib/printf_percent.s                 0x00000000   Number         0  _printf_i.o ABSOLUTE
    ../clib/printf_percent.s                 0x00000000   Number         0  _printf_percent_end.o ABSOLUTE
    ../clib/printf_percent.s                 0x00000000   Number         0  _printf_percent.o ABSOLUTE
    ../clib/signal.c                         0x00000000   Number         0  defsig_abrt_inner.o ABSOLUTE
    ../clib/signal.c                         0x00000000   Number         0  defsig_exit.o ABSOLUTE
    ../clib/signal.c                         0x00000000   Number         0  defsig_stak_inner.o ABSOLUTE
    ../clib/signal.c                         0x00000000   Number         0  defsig_general.o ABSOLUTE
    ../clib/signal.c                         0x00000000   Number         0  defsig_rtred_inner.o ABSOLUTE
    ../clib/signal.c                         0x00000000   Number         0  defsig_fpe_inner.o ABSOLUTE
    ../clib/signal.c                         0x00000000   Number         0  __raise.o ABSOLUTE
    ../clib/signal.c                         0x00000000   Number         0  defsig_rtmem_inner.o ABSOLUTE
    ../clib/signal.c                         0x00000000   Number         0  defsig_rtmem_outer.o ABSOLUTE
    ../clib/signal.c                         0x00000000   Number         0  defsig_other.o ABSOLUTE
    ../clib/signal.c                         0x00000000   Number         0  defsig_segv_inner.o ABSOLUTE
    ../clib/signal.c                         0x00000000   Number         0  defsig_cppl_inner.o ABSOLUTE
    ../clib/signal.c                         0x00000000   Number         0  defsig_pvfn_inner.o ABSOLUTE
    ../clib/signal.c                         0x00000000   Number         0  defsig_rtmem_formal.o ABSOLUTE
    ../clib/signal.s                         0x00000000   Number         0  defsig.o ABSOLUTE
    ../clib/stdio.c                          0x00000000   Number         0  ferror.o ABSOLUTE
    ../clib/stdio.c                          0x00000000   Number         0  ferror_locked.o ABSOLUTE
    ../clib/stdlib.c                         0x00000000   Number         0  exit.o ABSOLUTE
    ../fplib/daddsub.s                       0x00000000   Number         0  daddsub_clz.o ABSOLUTE
    ../fplib/dcmpi.s                         0x00000000   Number         0  dcmpi.o ABSOLUTE
    ../fplib/dfix.s                          0x00000000   Number         0  dfix.o ABSOLUTE
    ../fplib/dfixu.s                         0x00000000   Number         0  dfixu.o ABSOLUTE
    ../fplib/dflt.s                          0x00000000   Number         0  dflt_clz.o ABSOLUTE
    ../fplib/dleqf.s                         0x00000000   Number         0  dleqf.o ABSOLUTE
    ../fplib/dmul.s                          0x00000000   Number         0  dmul.o ABSOLUTE
    ../fplib/dnaninf.s                       0x00000000   Number         0  dnaninf.o ABSOLUTE
    ../fplib/dretinf.s                       0x00000000   Number         0  dretinf.o ABSOLUTE
    ../fplib/drleqf.s                        0x00000000   Number         0  drleqf.o ABSOLUTE
    ../fplib/dsqrt.s                         0x00000000   Number         0  dsqrt_noumaal.o ABSOLUTE
    ../fplib/f2d.s                           0x00000000   Number         0  f2d.o ABSOLUTE
    ../fplib/faddsub.s                       0x00000000   Number         0  faddsub_clz.o ABSOLUTE
    ../fplib/fdiv.s                          0x00000000   Number         0  fdiv.o ABSOLUTE
    ../fplib/ffix.s                          0x00000000   Number         0  ffix.o ABSOLUTE
    ../fplib/ffixu.s                         0x00000000   Number         0  ffixu.o ABSOLUTE
    ../fplib/fflt.s                          0x00000000   Number         0  fflt_clz.o ABSOLUTE
    ../fplib/fmul.s                          0x00000000   Number         0  fmul.o ABSOLUTE
    ../fplib/fnaninf.s                       0x00000000   Number         0  fnaninf.o ABSOLUTE
    ../fplib/fpinit.s                        0x00000000   Number         0  fpinit.o ABSOLUTE
    ../fplib/fretinf.s                       0x00000000   Number         0  fretinf.o ABSOLUTE
    ../fplib/usenofp.s                       0x00000000   Number         0  usenofp.o ABSOLUTE
    ../mathlib/floor.c                       0x00000000   Number         0  floor.o ABSOLUTE
    ../mathlib/sqrt.c                        0x00000000   Number         0  sqrt_x.o ABSOLUTE
    ../mathlib/sqrt.c                        0x00000000   Number         0  sqrt.o ABSOLUTE
    ..\CORE\core_cm3.c                       0x00000000   Number         0  core_cm3.o ABSOLUTE
    ..\CORE\startup_stm32f10x_hd.s           0x00000000   Number         0  startup_stm32f10x_hd.o ABSOLUTE
    ..\HARDWARE\24CXX\24cxx.c                0x00000000   Number         0  24cxx.o ABSOLUTE
    ..\HARDWARE\IIC\myiic.c                  0x00000000   Number         0  myiic.o ABSOLUTE
    ..\HARDWARE\KEY\key.c                    0x00000000   Number         0  key.o ABSOLUTE
    ..\HARDWARE\LCD\lcd.c                    0x00000000   Number         0  lcd.o ABSOLUTE
    ..\HARDWARE\LED\led.c                    0x00000000   Number         0  led.o ABSOLUTE
    ..\HARDWARE\TOUCH\touch.c                0x00000000   Number         0  touch.o ABSOLUTE
    ..\STM32F10x_FWLib\src\misc.c            0x00000000   Number         0  misc.o ABSOLUTE
    ..\STM32F10x_FWLib\src\stm32f10x_fsmc.c  0x00000000   Number         0  stm32f10x_fsmc.o ABSOLUTE
    ..\STM32F10x_FWLib\src\stm32f10x_gpio.c  0x00000000   Number         0  stm32f10x_gpio.o ABSOLUTE
    ..\STM32F10x_FWLib\src\stm32f10x_rcc.c   0x00000000   Number         0  stm32f10x_rcc.o ABSOLUTE
    ..\STM32F10x_FWLib\src\stm32f10x_spi.c   0x00000000   Number         0  stm32f10x_spi.o ABSOLUTE
    ..\STM32F10x_FWLib\src\stm32f10x_usart.c 0x00000000   Number         0  stm32f10x_usart.o ABSOLUTE
    ..\SYSTEM\delay\delay.c                  0x00000000   Number         0  delay.o ABSOLUTE
    ..\SYSTEM\sys\sys.c                      0x00000000   Number         0  sys.o ABSOLUTE
    ..\SYSTEM\usart\usart.c                  0x00000000   Number         0  usart.o ABSOLUTE
    ..\\CORE\\core_cm3.c                     0x00000000   Number         0  core_cm3.o ABSOLUTE
    ..\\HARDWARE\\LCD\\lcd.c                 0x00000000   Number         0  lcd.o ABSOLUTE
    C:\Keil_v5\ARM\PACK\Keil\STM32F1xx_DFP\1.1.0\Device\StdPeriph_Driver\src\stm32f10x_adc.c 0x00000000   Number         0  stm32f10x_adc.o ABSOLUTE
    dc.s                                     0x00000000   Number         0  dc.o ABSOLUTE
    main.c                                   0x00000000   Number         0  main.o ABSOLUTE
    stm32f10x_it.c                           0x00000000   Number         0  stm32f10x_it.o ABSOLUTE
    system_stm32f10x.c                       0x00000000   Number         0  system_stm32f10x.o ABSOLUTE
    RESET                                    0x08000000   Section      304  startup_stm32f10x_hd.o(RESET)
    !!!main                                  0x08000130   Section        8  __main.o(!!!main)
    !!!scatter                               0x08000138   Section       52  __scatter.o(!!!scatter)
    !!handler_copy                           0x0800016c   Section       26  __scatter_copy.o(!!handler_copy)
    !!handler_zi                             0x08000188   Section       28  __scatter_zi.o(!!handler_zi)
    .ARM.Collect$$_printf_percent$$00000000  0x080001a4   Section        0  _printf_percent.o(.ARM.Collect$$_printf_percent$$00000000)
    .ARM.Collect$$_printf_percent$$00000008  0x080001a4   Section        6  _printf_i.o(.ARM.Collect$$_printf_percent$$00000008)
    .ARM.Collect$$_printf_percent$$00000017  0x080001aa   Section        4  _printf_percent_end.o(.ARM.Collect$$_printf_percent$$00000017)
    .ARM.Collect$$libinit$$00000000          0x080001ae   Section        2  libinit.o(.ARM.Collect$$libinit$$00000000)
    .ARM.Collect$$libinit$$00000002          0x080001b0   Section        0  libinit2.o(.ARM.Collect$$libinit$$00000002)
    .ARM.Collect$$libinit$$00000004          0x080001b0   Section        0  libinit2.o(.ARM.Collect$$libinit$$00000004)
    .ARM.Collect$$libinit$$0000000A          0x080001b0   Section        0  libinit2.o(.ARM.Collect$$libinit$$0000000A)
    .ARM.Collect$$libinit$$0000000C          0x080001b0   Section        0  libinit2.o(.ARM.Collect$$libinit$$0000000C)
    .ARM.Collect$$libinit$$0000000E          0x080001b0   Section        0  libinit2.o(.ARM.Collect$$libinit$$0000000E)
    .ARM.Collect$$libinit$$00000011          0x080001b0   Section        0  libinit2.o(.ARM.Collect$$libinit$$00000011)
    .ARM.Collect$$libinit$$00000013          0x080001b0   Section        0  libinit2.o(.ARM.Collect$$libinit$$00000013)
    .ARM.Collect$$libinit$$00000015          0x080001b0   Section        0  libinit2.o(.ARM.Collect$$libinit$$00000015)
    .ARM.Collect$$libinit$$00000017          0x080001b0   Section        0  libinit2.o(.ARM.Collect$$libinit$$00000017)
    .ARM.Collect$$libinit$$00000019          0x080001b0   Section        0  libinit2.o(.ARM.Collect$$libinit$$00000019)
    .ARM.Collect$$libinit$$0000001B          0x080001b0   Section        0  libinit2.o(.ARM.Collect$$libinit$$0000001B)
    .ARM.Collect$$libinit$$0000001D          0x080001b0   Section        0  libinit2.o(.ARM.Collect$$libinit$$0000001D)
    .ARM.Collect$$libinit$$0000001F          0x080001b0   Section        0  libinit2.o(.ARM.Collect$$libinit$$0000001F)
    .ARM.Collect$$libinit$$00000021          0x080001b0   Section        0  libinit2.o(.ARM.Collect$$libinit$$00000021)
    .ARM.Collect$$libinit$$00000023          0x080001b0   Section        0  libinit2.o(.ARM.Collect$$libinit$$00000023)
    .ARM.Collect$$libinit$$00000025          0x080001b0   Section        0  libinit2.o(.ARM.Collect$$libinit$$00000025)
    .ARM.Collect$$libinit$$0000002C          0x080001b0   Section        0  libinit2.o(.ARM.Collect$$libinit$$0000002C)
    .ARM.Collect$$libinit$$0000002E          0x080001b0   Section        0  libinit2.o(.ARM.Collect$$libinit$$0000002E)
    .ARM.Collect$$libinit$$00000030          0x080001b0   Section        0  libinit2.o(.ARM.Collect$$libinit$$00000030)
    .ARM.Collect$$libinit$$00000032          0x080001b0   Section        0  libinit2.o(.ARM.Collect$$libinit$$00000032)
    .ARM.Collect$$libinit$$00000033          0x080001b0   Section        2  libinit2.o(.ARM.Collect$$libinit$$00000033)
    .ARM.Collect$$libshutdown$$00000000      0x080001b2   Section        2  libshutdown.o(.ARM.Collect$$libshutdown$$00000000)
    .ARM.Collect$$libshutdown$$00000002      0x080001b4   Section        0  libshutdown2.o(.ARM.Collect$$libshutdown$$00000002)
    .ARM.Collect$$libshutdown$$00000004      0x080001b4   Section        0  libshutdown2.o(.ARM.Collect$$libshutdown$$00000004)
    .ARM.Collect$$libshutdown$$00000007      0x080001b4   Section        0  libshutdown2.o(.ARM.Collect$$libshutdown$$00000007)
    .ARM.Collect$$libshutdown$$0000000A      0x080001b4   Section        0  libshutdown2.o(.ARM.Collect$$libshutdown$$0000000A)
    .ARM.Collect$$libshutdown$$0000000C      0x080001b4   Section        0  libshutdown2.o(.ARM.Collect$$libshutdown$$0000000C)
    .ARM.Collect$$libshutdown$$0000000F      0x080001b4   Section        0  libshutdown2.o(.ARM.Collect$$libshutdown$$0000000F)
    .ARM.Collect$$libshutdown$$00000010      0x080001b4   Section        2  libshutdown2.o(.ARM.Collect$$libshutdown$$00000010)
    .ARM.Collect$$rtentry$$00000000          0x080001b6   Section        0  __rtentry.o(.ARM.Collect$$rtentry$$00000000)
    .ARM.Collect$$rtentry$$00000002          0x080001b6   Section        0  __rtentry2.o(.ARM.Collect$$rtentry$$00000002)
    .ARM.Collect$$rtentry$$00000004          0x080001b6   Section        6  __rtentry4.o(.ARM.Collect$$rtentry$$00000004)
    .ARM.Collect$$rtentry$$00000009          0x080001bc   Section        0  __rtentry2.o(.ARM.Collect$$rtentry$$00000009)
    .ARM.Collect$$rtentry$$0000000A          0x080001bc   Section        4  __rtentry2.o(.ARM.Collect$$rtentry$$0000000A)
    .ARM.Collect$$rtentry$$0000000C          0x080001c0   Section        0  __rtentry2.o(.ARM.Collect$$rtentry$$0000000C)
    .ARM.Collect$$rtentry$$0000000D          0x080001c0   Section        8  __rtentry2.o(.ARM.Collect$$rtentry$$0000000D)
    .ARM.Collect$$rtexit$$00000000           0x080001c8   Section        2  rtexit.o(.ARM.Collect$$rtexit$$00000000)
    .ARM.Collect$$rtexit$$00000002           0x080001ca   Section        0  rtexit2.o(.ARM.Collect$$rtexit$$00000002)
    .ARM.Collect$$rtexit$$00000003           0x080001ca   Section        4  rtexit2.o(.ARM.Collect$$rtexit$$00000003)
    .ARM.Collect$$rtexit$$00000004           0x080001ce   Section        6  rtexit2.o(.ARM.Collect$$rtexit$$00000004)
    .emb_text                                0x080001d4   Section        4  lcd.o(.emb_text)
    .text                                    0x080001d8   Section        0  main.o(.text)
    .text                                    0x080008ac   Section        0  stm32f10x_it.o(.text)
    .text                                    0x080008c8   Section        0  system_stm32f10x.o(.text)
    SetSysClockTo72                          0x080008c9   Thumb Code   214  system_stm32f10x.o(.text)
    SetSysClock                              0x0800099f   Thumb Code     8  system_stm32f10x.o(.text)
    .text                                    0x08000aa8   Section        0  led.o(.text)
    .text                                    0x08000af8   Section        0  key.o(.text)
    .text                                    0x08000b64   Section        0  lcd.o(.text)
    .text                                    0x08001440   Section        0  myiic.o(.text)
    .text                                    0x080016ac   Section        0  24cxx.o(.text)
    .text                                    0x08001828   Section        0  touch.o(.text)
    .text                                    0x080028a8   Section        0  delay.o(.text)
    .text                                    0x0800297c   Section        0  sys.o(.text)
    .text                                    0x08002988   Section        0  usart.o(.text)
    .text                                    0x08002ad0   Section       64  startup_stm32f10x_hd.o(.text)
    .text                                    0x08002b10   Section        0  misc.o(.text)
    .text                                    0x08002bec   Section        0  stm32f10x_fsmc.o(.text)
    .text                                    0x080031f8   Section        0  stm32f10x_gpio.o(.text)
    .text                                    0x08003554   Section        0  stm32f10x_rcc.o(.text)
    .text                                    0x080038f8   Section        0  stm32f10x_usart.o(.text)
    .text                                    0x08003d00   Section        2  use_no_semi_2.o(.text)
    .text                                    0x08003d04   Section        0  noretval__2printf.o(.text)
    .text                                    0x08003d1c   Section        0  __printf.o(.text)
    .text                                    0x08003d84   Section        0  _printf_dec.o(.text)
    .text                                    0x08003dfc   Section        0  heapauxi.o(.text)
    .text                                    0x08003e02   Section        2  use_no_semi.o(.text)
    .text                                    0x08003e04   Section        0  _rserrno.o(.text)
    .text                                    0x08003e1a   Section        0  _printf_intcommon.o(.text)
    .text                                    0x08003ecc   Section        0  _printf_char_file.o(.text)
    .text                                    0x08003ef0   Section        8  rt_errno_addr_intlibspace.o(.text)
    .text                                    0x08003ef8   Section        0  _printf_char_common.o(.text)
    _printf_input_char                       0x08003ef9   Thumb Code    10  _printf_char_common.o(.text)
    .text                                    0x08003f28   Section        0  ferror.o(.text)
    .text                                    0x08003f30   Section        8  libspace.o(.text)
    .text                                    0x08003f38   Section       74  sys_stackheap_outer.o(.text)
    .text                                    0x08003f82   Section        0  exit.o(.text)
    i.floor                                  0x08003f94   Section        0  floor.o(i.floor)
    i.sqrt                                   0x08004070   Section        0  sqrt.o(i.sqrt)
    x$fpl$dadd                               0x080040bc   Section      336  daddsub_clz.o(x$fpl$dadd)
    _dadd1                                   0x080040cd   Thumb Code     0  daddsub_clz.o(x$fpl$dadd)
    x$fpl$dcmpinf                            0x0800420c   Section       24  dcmpi.o(x$fpl$dcmpinf)
    x$fpl$dfix                               0x08004224   Section       94  dfix.o(x$fpl$dfix)
    x$fpl$dfixu                              0x08004284   Section       90  dfixu.o(x$fpl$dfixu)
    x$fpl$dflt                               0x080042de   Section       46  dflt_clz.o(x$fpl$dflt)
    x$fpl$dfltu                              0x0800430c   Section       38  dflt_clz.o(x$fpl$dfltu)
    x$fpl$dleqf                              0x08004334   Section      120  dleqf.o(x$fpl$dleqf)
    x$fpl$dmul                               0x080043ac   Section      340  dmul.o(x$fpl$dmul)
    x$fpl$dnaninf                            0x08004500   Section      156  dnaninf.o(x$fpl$dnaninf)
    x$fpl$dretinf                            0x0800459c   Section       12  dretinf.o(x$fpl$dretinf)
    x$fpl$drleqf                             0x080045a8   Section      108  drleqf.o(x$fpl$drleqf)
    x$fpl$drsb                               0x08004614   Section       22  daddsub_clz.o(x$fpl$drsb)
    x$fpl$dsqrt                              0x0800462c   Section      460  dsqrt_noumaal.o(x$fpl$dsqrt)
    x$fpl$dsub                               0x080047f8   Section      468  daddsub_clz.o(x$fpl$dsub)
    _dsub1                                   0x08004809   Thumb Code     0  daddsub_clz.o(x$fpl$dsub)
    x$fpl$f2d                                0x080049cc   Section       86  f2d.o(x$fpl$f2d)
    x$fpl$fadd                               0x08004a24   Section      196  faddsub_clz.o(x$fpl$fadd)
    _fadd1                                   0x08004a33   Thumb Code     0  faddsub_clz.o(x$fpl$fadd)
    x$fpl$fdiv                               0x08004ae8   Section      388  fdiv.o(x$fpl$fdiv)
    _fdiv1                                   0x08004ae9   Thumb Code     0  fdiv.o(x$fpl$fdiv)
    x$fpl$ffix                               0x08004c6c   Section       54  ffix.o(x$fpl$ffix)
    x$fpl$ffixu                              0x08004ca4   Section       62  ffixu.o(x$fpl$ffixu)
    x$fpl$fflt                               0x08004ce4   Section       48  fflt_clz.o(x$fpl$fflt)
    x$fpl$ffltu                              0x08004d14   Section       38  fflt_clz.o(x$fpl$ffltu)
    x$fpl$fmul                               0x08004d3c   Section      258  fmul.o(x$fpl$fmul)
    x$fpl$fnaninf                            0x08004e3e   Section      140  fnaninf.o(x$fpl$fnaninf)
    x$fpl$fretinf                            0x08004eca   Section       10  fretinf.o(x$fpl$fretinf)
    x$fpl$fsub                               0x08004ed4   Section      234  faddsub_clz.o(x$fpl$fsub)
    _fsub1                                   0x08004ee3   Thumb Code     0  faddsub_clz.o(x$fpl$fsub)
    .constdata                               0x08004fbe   Section    133234  main.o(.constdata)
    x$fpl$usenofp                            0x08004fbe   Section        0  usenofp.o(x$fpl$usenofp)
    .constdata                               0x08025830   Section     2660  lcd.o(.constdata)
    .conststring                             0x08026294   Section      121  touch.o(.conststring)
    .data                                    0x20000000   Section       37  main.o(.data)
    .data                                    0x20000028   Section       20  system_stm32f10x.o(.data)
    .data                                    0x2000003c   Section       10  lcd.o(.data)
    TextColor                                0x20000040   Data           2  lcd.o(.data)
    BackColor                                0x20000042   Data           2  lcd.o(.data)
    .data                                    0x20000048   Section       48  touch.o(.data)
    .data                                    0x20000078   Section        4  delay.o(.data)
    fac_us                                   0x20000078   Data           1  delay.o(.data)
    fac_ms                                   0x2000007a   Data           2  delay.o(.data)
    .data                                    0x2000007c   Section        6  usart.o(.data)
    .data                                    0x20000082   Section       20  stm32f10x_rcc.o(.data)
    APBAHBPrescTable                         0x20000082   Data          16  stm32f10x_rcc.o(.data)
    ADCPrescTable                            0x20000092   Data           4  stm32f10x_rcc.o(.data)
    .bss                                     0x20000098   Section       10  lcd.o(.bss)
    .bss                                     0x200000a2   Section      200  usart.o(.bss)
    .bss                                     0x2000016c   Section       96  libspace.o(.bss)
    HEAP                                     0x200001d0   Section      512  startup_stm32f10x_hd.o(HEAP)
    Heap_Mem                                 0x200001d0   Data         512  startup_stm32f10x_hd.o(HEAP)
    STACK                                    0x200003d0   Section     1024  startup_stm32f10x_hd.o(STACK)
    Stack_Mem                                0x200003d0   Data        1024  startup_stm32f10x_hd.o(STACK)
    __initial_sp                             0x200007d0   Data           0  startup_stm32f10x_hd.o(STACK)

    Global Symbols

    Symbol Name                              Value     Ov Type        Size  Object(Section)

    BuildAttributes$$THM_ISAv4$P$D$K$B$S$PE$A:L22UL41UL21$X:L11$S22US41US21$IEEE1$IW$USESV6$~STKCKD$USESV7$~SHL$OTIME$ROPI$IEEEJ$EBA8$UX$STANDARDLIB$REQ8$PRES8$EABIv2 0x00000000   Number         0  anon$$obj.o ABSOLUTE
    __ARM_use_no_argv                        0x00000000   Number         0  main.o ABSOLUTE
    __ARM_exceptions_init                     - Undefined Weak Reference
    __alloca_initialize                       - Undefined Weak Reference
    __arm_preinit_                            - Undefined Weak Reference
    __cpp_initialize__aeabi_                  - Undefined Weak Reference
    __cxa_finalize                            - Undefined Weak Reference
    __rt_locale                               - Undefined Weak Reference
    __sigvec_lookup                           - Undefined Weak Reference
    _atexit_init                              - Undefined Weak Reference
    _call_atexit_fns                          - Undefined Weak Reference
    _clock_init                               - Undefined Weak Reference
    _fp_trap_init                             - Undefined Weak Reference
    _fp_trap_shutdown                         - Undefined Weak Reference
    _get_lc_collate                           - Undefined Weak Reference
    _get_lc_ctype                             - Undefined Weak Reference
    _get_lc_monetary                          - Undefined Weak Reference
    _get_lc_numeric                           - Undefined Weak Reference
    _get_lc_time                              - Undefined Weak Reference
    _getenv_init                              - Undefined Weak Reference
    _handle_redirection                       - Undefined Weak Reference
    _init_alloc                               - Undefined Weak Reference
    _init_user_alloc                          - Undefined Weak Reference
    _initio                                   - Undefined Weak Reference
    _mutex_acquire                            - Undefined Weak Reference
    _mutex_release                            - Undefined Weak Reference
    _printf_post_padding                      - Undefined Weak Reference
    _printf_pre_padding                       - Undefined Weak Reference
    _printf_truncate_signed                   - Undefined Weak Reference
    _printf_truncate_unsigned                 - Undefined Weak Reference
    _rand_init                                - Undefined Weak Reference
    _signal_finish                            - Undefined Weak Reference
    _signal_init                              - Undefined Weak Reference
    _terminate_alloc                          - Undefined Weak Reference
    _terminate_user_alloc                     - Undefined Weak Reference
    _terminateio                              - Undefined Weak Reference
    __Vectors_Size                           0x00000130   Number         0  startup_stm32f10x_hd.o ABSOLUTE
    __Vectors                                0x08000000   Data           4  startup_stm32f10x_hd.o(RESET)
    __Vectors_End                            0x08000130   Data           0  startup_stm32f10x_hd.o(RESET)
    __main                                   0x08000131   Thumb Code     8  __main.o(!!!main)
    __scatterload                            0x08000139   Thumb Code     0  __scatter.o(!!!scatter)
    __scatterload_rt2                        0x08000139   Thumb Code    44  __scatter.o(!!!scatter)
    __scatterload_rt2_thumb_only             0x08000139   Thumb Code     0  __scatter.o(!!!scatter)
    __scatterload_null                       0x08000147   Thumb Code     0  __scatter.o(!!!scatter)
    __scatterload_copy                       0x0800016d   Thumb Code    26  __scatter_copy.o(!!handler_copy)
    __scatterload_zeroinit                   0x08000189   Thumb Code    28  __scatter_zi.o(!!handler_zi)
    _printf_i                                0x080001a5   Thumb Code     0  _printf_i.o(.ARM.Collect$$_printf_percent$$00000008)
    _printf_percent                          0x080001a5   Thumb Code     0  _printf_percent.o(.ARM.Collect$$_printf_percent$$00000000)
    _printf_percent_end                      0x080001ab   Thumb Code     0  _printf_percent_end.o(.ARM.Collect$$_printf_percent$$00000017)
    __rt_lib_init                            0x080001af   Thumb Code     0  libinit.o(.ARM.Collect$$libinit$$00000000)
    __rt_lib_init_alloca_1                   0x080001b1   Thumb Code     0  libinit2.o(.ARM.Collect$$libinit$$0000002E)
    __rt_lib_init_argv_1                     0x080001b1   Thumb Code     0  libinit2.o(.ARM.Collect$$libinit$$0000002C)
    __rt_lib_init_atexit_1                   0x080001b1   Thumb Code     0  libinit2.o(.ARM.Collect$$libinit$$0000001B)
    __rt_lib_init_clock_1                    0x080001b1   Thumb Code     0  libinit2.o(.ARM.Collect$$libinit$$00000021)
    __rt_lib_init_cpp_1                      0x080001b1   Thumb Code     0  libinit2.o(.ARM.Collect$$libinit$$00000032)
    __rt_lib_init_exceptions_1               0x080001b1   Thumb Code     0  libinit2.o(.ARM.Collect$$libinit$$00000030)
    __rt_lib_init_fp_1                       0x080001b1   Thumb Code     0  libinit2.o(.ARM.Collect$$libinit$$00000002)
    __rt_lib_init_fp_trap_1                  0x080001b1   Thumb Code     0  libinit2.o(.ARM.Collect$$libinit$$0000001F)
    __rt_lib_init_getenv_1                   0x080001b1   Thumb Code     0  libinit2.o(.ARM.Collect$$libinit$$00000023)
    __rt_lib_init_heap_1                     0x080001b1   Thumb Code     0  libinit2.o(.ARM.Collect$$libinit$$0000000A)
    __rt_lib_init_lc_collate_1               0x080001b1   Thumb Code     0  libinit2.o(.ARM.Collect$$libinit$$00000011)
    __rt_lib_init_lc_ctype_1                 0x080001b1   Thumb Code     0  libinit2.o(.ARM.Collect$$libinit$$00000013)
    __rt_lib_init_lc_monetary_1              0x080001b1   Thumb Code     0  libinit2.o(.ARM.Collect$$libinit$$00000015)
    __rt_lib_init_lc_numeric_1               0x080001b1   Thumb Code     0  libinit2.o(.ARM.Collect$$libinit$$00000017)
    __rt_lib_init_lc_time_1                  0x080001b1   Thumb Code     0  libinit2.o(.ARM.Collect$$libinit$$00000019)
    __rt_lib_init_preinit_1                  0x080001b1   Thumb Code     0  libinit2.o(.ARM.Collect$$libinit$$00000004)
    __rt_lib_init_rand_1                     0x080001b1   Thumb Code     0  libinit2.o(.ARM.Collect$$libinit$$0000000E)
    __rt_lib_init_return                     0x080001b1   Thumb Code     0  libinit2.o(.ARM.Collect$$libinit$$00000033)
    __rt_lib_init_signal_1                   0x080001b1   Thumb Code     0  libinit2.o(.ARM.Collect$$libinit$$0000001D)
    __rt_lib_init_stdio_1                    0x080001b1   Thumb Code     0  libinit2.o(.ARM.Collect$$libinit$$00000025)
    __rt_lib_init_user_alloc_1               0x080001b1   Thumb Code     0  libinit2.o(.ARM.Collect$$libinit$$0000000C)
    __rt_lib_shutdown                        0x080001b3   Thumb Code     0  libshutdown.o(.ARM.Collect$$libshutdown$$00000000)
    __rt_lib_shutdown_cpp_1                  0x080001b5   Thumb Code     0  libshutdown2.o(.ARM.Collect$$libshutdown$$00000002)
    __rt_lib_shutdown_fp_trap_1              0x080001b5   Thumb Code     0  libshutdown2.o(.ARM.Collect$$libshutdown$$00000007)
    __rt_lib_shutdown_heap_1                 0x080001b5   Thumb Code     0  libshutdown2.o(.ARM.Collect$$libshutdown$$0000000F)
    __rt_lib_shutdown_return                 0x080001b5   Thumb Code     0  libshutdown2.o(.ARM.Collect$$libshutdown$$00000010)
    __rt_lib_shutdown_signal_1               0x080001b5   Thumb Code     0  libshutdown2.o(.ARM.Collect$$libshutdown$$0000000A)
    __rt_lib_shutdown_stdio_1                0x080001b5   Thumb Code     0  libshutdown2.o(.ARM.Collect$$libshutdown$$00000004)
    __rt_lib_shutdown_user_alloc_1           0x080001b5   Thumb Code     0  libshutdown2.o(.ARM.Collect$$libshutdown$$0000000C)
    __rt_entry                               0x080001b7   Thumb Code     0  __rtentry.o(.ARM.Collect$$rtentry$$00000000)
    __rt_entry_presh_1                       0x080001b7   Thumb Code     0  __rtentry2.o(.ARM.Collect$$rtentry$$00000002)
    __rt_entry_sh                            0x080001b7   Thumb Code     0  __rtentry4.o(.ARM.Collect$$rtentry$$00000004)
    __rt_entry_li                            0x080001bd   Thumb Code     0  __rtentry2.o(.ARM.Collect$$rtentry$$0000000A)
    __rt_entry_postsh_1                      0x080001bd   Thumb Code     0  __rtentry2.o(.ARM.Collect$$rtentry$$00000009)
    __rt_entry_main                          0x080001c1   Thumb Code     0  __rtentry2.o(.ARM.Collect$$rtentry$$0000000D)
    __rt_entry_postli_1                      0x080001c1   Thumb Code     0  __rtentry2.o(.ARM.Collect$$rtentry$$0000000C)
    __rt_exit                                0x080001c9   Thumb Code     0  rtexit.o(.ARM.Collect$$rtexit$$00000000)
    __rt_exit_ls                             0x080001cb   Thumb Code     0  rtexit2.o(.ARM.Collect$$rtexit$$00000003)
    __rt_exit_prels_1                        0x080001cb   Thumb Code     0  rtexit2.o(.ARM.Collect$$rtexit$$00000002)
    __rt_exit_exit                           0x080001cf   Thumb Code     0  rtexit2.o(.ARM.Collect$$rtexit$$00000004)
    wait                                     0x080001d5   Thumb Code     4  lcd.o(.emb_text)
    TIM2_IRQHandler                          0x080001d9   Thumb Code   448  main.o(.text)
    make_sound                               0x08000399   Thumb Code   188  main.o(.text)
    main_page                                0x08000455   Thumb Code   268  main.o(.text)
    intro_page                               0x08000561   Thumb Code   480  main.o(.text)
    initTim2                                 0x08000741   Thumb Code   118  main.o(.text)
    main                                     0x080007b7   Thumb Code   108  main.o(.text)
    NMI_Handler                              0x080008ad   Thumb Code     2  stm32f10x_it.o(.text)
    HardFault_Handler                        0x080008af   Thumb Code     4  stm32f10x_it.o(.text)
    MemManage_Handler                        0x080008b3   Thumb Code     4  stm32f10x_it.o(.text)
    BusFault_Handler                         0x080008b7   Thumb Code     4  stm32f10x_it.o(.text)
    UsageFault_Handler                       0x080008bb   Thumb Code     4  stm32f10x_it.o(.text)
    SVC_Handler                              0x080008bf   Thumb Code     2  stm32f10x_it.o(.text)
    DebugMon_Handler                         0x080008c1   Thumb Code     2  stm32f10x_it.o(.text)
    PendSV_Handler                           0x080008c3   Thumb Code     2  stm32f10x_it.o(.text)
    SysTick_Handler                          0x080008c5   Thumb Code     2  stm32f10x_it.o(.text)
    SystemInit                               0x080009a7   Thumb Code    78  system_stm32f10x.o(.text)
    SystemCoreClockUpdate                    0x080009f5   Thumb Code   142  system_stm32f10x.o(.text)
    LED_Init                                 0x08000aa9   Thumb Code    72  led.o(.text)
    KEY_Init                                 0x08000af9   Thumb Code    32  key.o(.text)
    KEY_Scan                                 0x08000b19   Thumb Code    72  key.o(.text)
    wait_delay                               0x08000b65   Thumb Code    12  lcd.o(.text)
    delayms                                  0x08000b71   Thumb Code    34  lcd.o(.text)
    LCD_WR_REG                               0x08000b93   Thumb Code     6  lcd.o(.text)
    LCD_WR_DATA                              0x08000b99   Thumb Code     8  lcd.o(.text)
    LCD_RD_DATA                              0x08000ba1   Thumb Code     8  lcd.o(.text)
    LCD_WriteReg                             0x08000ba9   Thumb Code    10  lcd.o(.text)
    wr_reg                                   0x08000bb3   Thumb Code    10  lcd.o(.text)
    LCD_ReadReg                              0x08000bbd   Thumb Code    22  lcd.o(.text)
    LCD_WriteRAM_Prepare                     0x08000bd3   Thumb Code    10  lcd.o(.text)
    LCD_WriteRAM                             0x08000bdd   Thumb Code     8  lcd.o(.text)
    opt_delay                                0x08000be5   Thumb Code    14  lcd.o(.text)
    LCD_Init                                 0x08000bf3   Thumb Code   594  lcd.o(.text)
    LCD_SetCursor                            0x08000e45   Thumb Code    40  lcd.o(.text)
    LCD_Window                               0x08000e6d   Thumb Code    84  lcd.o(.text)
    LCD_WindowMax                            0x08000ec1   Thumb Code    18  lcd.o(.text)
    LCD_PutPixel                             0x08000ed3   Thumb Code    30  lcd.o(.text)
    LCD_Clear                                0x08000ef1   Thumb Code    44  lcd.o(.text)
    LCD_Fill                                 0x08000f1d   Thumb Code   108  lcd.o(.text)
    LCD_SetTextColor                         0x08000f89   Thumb Code     6  lcd.o(.text)
    LCD_SetBackColor                         0x08000f8f   Thumb Code     6  lcd.o(.text)
    LCD_Pow                                  0x08000f95   Thumb Code    22  lcd.o(.text)
    LCD_Show_Image                           0x08000fab   Thumb Code    98  lcd.o(.text)
    LCD_ShowChar                             0x0800100d   Thumb Code   330  lcd.o(.text)
    LCD_ShowString                           0x08001157   Thumb Code   102  lcd.o(.text)
    LCD_ShowxNum                             0x080011bd   Thumb Code   190  lcd.o(.text)
    LCD_DrawLine                             0x0800127b   Thumb Code   180  lcd.o(.text)
    LCD_DrawRectangle                        0x0800132f   Thumb Code    86  lcd.o(.text)
    Draw_Circle                              0x08001385   Thumb Code   184  lcd.o(.text)
    IIC_Init                                 0x08001441   Thumb Code    46  myiic.o(.text)
    IIC_Start                                0x0800146f   Thumb Code    64  myiic.o(.text)
    IIC_Stop                                 0x080014af   Thumb Code    66  myiic.o(.text)
    IIC_Wait_Ack                             0x080014f1   Thumb Code    86  myiic.o(.text)
    IIC_Ack                                  0x08001547   Thumb Code    70  myiic.o(.text)
    IIC_NAck                                 0x0800158d   Thumb Code    70  myiic.o(.text)
    IIC_Send_Byte                            0x080015d3   Thumb Code   104  myiic.o(.text)
    IIC_Read_Byte                            0x0800163b   Thumb Code   100  myiic.o(.text)
    AT24CXX_Init                             0x080016ad   Thumb Code     8  24cxx.o(.text)
    AT24CXX_ReadOneByte                      0x080016b5   Thumb Code    88  24cxx.o(.text)
    AT24CXX_WriteOneByte                     0x0800170d   Thumb Code    80  24cxx.o(.text)
    AT24CXX_WriteLenByte                     0x0800175d   Thumb Code    42  24cxx.o(.text)
    AT24CXX_ReadLenByte                      0x08001787   Thumb Code    44  24cxx.o(.text)
    AT24CXX_Check                            0x080017b3   Thumb Code    46  24cxx.o(.text)
    AT24CXX_Read                             0x080017e1   Thumb Code    34  24cxx.o(.text)
    AT24CXX_Write                            0x08001803   Thumb Code    36  24cxx.o(.text)
    TP_Write_Byte                            0x08001829   Thumb Code    54  touch.o(.text)
    TP_Read_AD                               0x0800185f   Thumb Code   122  touch.o(.text)
    TP_Read_XOY                              0x080018d9   Thumb Code   120  touch.o(.text)
    TP_Read_XY                               0x08001951   Thumb Code    38  touch.o(.text)
    TP_Read_XY2                              0x08001977   Thumb Code   192  touch.o(.text)
    TP_Drow_Touch_Point                      0x08001a37   Thumb Code   124  touch.o(.text)
    TP_Draw_Big_Point                        0x08001ab3   Thumb Code    68  touch.o(.text)
    TP_Scan                                  0x08001af7   Thumb Code   246  touch.o(.text)
    TP_Save_Adjdata                          0x08001bed   Thumb Code   182  touch.o(.text)
    TP_Get_Adjdata                           0x08001ca3   Thumb Code   182  touch.o(.text)
    TP_Adj_Info_Show                         0x08001d59   Thumb Code   412  touch.o(.text)
    TP_Adjust                                0x08001ef5   Thumb Code  2216  touch.o(.text)
    TP_Init                                  0x0800279d   Thumb Code   190  touch.o(.text)
    delay_init                               0x080028a9   Thumb Code    50  delay.o(.text)
    delay_us                                 0x080028db   Thumb Code    72  delay.o(.text)
    delay_ms                                 0x08002923   Thumb Code    72  delay.o(.text)
    NVIC_Configuration                       0x0800297d   Thumb Code    12  sys.o(.text)
    _sys_exit                                0x08002989   Thumb Code     6  usart.o(.text)
    fputc                                    0x0800298f   Thumb Code    24  usart.o(.text)
    uart_init                                0x080029a7   Thumb Code   158  usart.o(.text)
    USART1_IRQHandler                        0x08002a45   Thumb Code   122  usart.o(.text)
    Reset_Handler                            0x08002ad1   Thumb Code     8  startup_stm32f10x_hd.o(.text)
    ADC1_2_IRQHandler                        0x08002aeb   Thumb Code     0  startup_stm32f10x_hd.o(.text)
    ADC3_IRQHandler                          0x08002aeb   Thumb Code     0  startup_stm32f10x_hd.o(.text)
    CAN1_RX1_IRQHandler                      0x08002aeb   Thumb Code     0  startup_stm32f10x_hd.o(.text)
    CAN1_SCE_IRQHandler                      0x08002aeb   Thumb Code     0  startup_stm32f10x_hd.o(.text)
    DMA1_Channel1_IRQHandler                 0x08002aeb   Thumb Code     0  startup_stm32f10x_hd.o(.text)
    DMA1_Channel2_IRQHandler                 0x08002aeb   Thumb Code     0  startup_stm32f10x_hd.o(.text)
    DMA1_Channel3_IRQHandler                 0x08002aeb   Thumb Code     0  startup_stm32f10x_hd.o(.text)
    DMA1_Channel4_IRQHandler                 0x08002aeb   Thumb Code     0  startup_stm32f10x_hd.o(.text)
    DMA1_Channel5_IRQHandler                 0x08002aeb   Thumb Code     0  startup_stm32f10x_hd.o(.text)
    DMA1_Channel6_IRQHandler                 0x08002aeb   Thumb Code     0  startup_stm32f10x_hd.o(.text)
    DMA1_Channel7_IRQHandler                 0x08002aeb   Thumb Code     0  startup_stm32f10x_hd.o(.text)
    DMA2_Channel1_IRQHandler                 0x08002aeb   Thumb Code     0  startup_stm32f10x_hd.o(.text)
    DMA2_Channel2_IRQHandler                 0x08002aeb   Thumb Code     0  startup_stm32f10x_hd.o(.text)
    DMA2_Channel3_IRQHandler                 0x08002aeb   Thumb Code     0  startup_stm32f10x_hd.o(.text)
    DMA2_Channel4_5_IRQHandler               0x08002aeb   Thumb Code     0  startup_stm32f10x_hd.o(.text)
    EXTI0_IRQHandler                         0x08002aeb   Thumb Code     0  startup_stm32f10x_hd.o(.text)
    EXTI15_10_IRQHandler                     0x08002aeb   Thumb Code     0  startup_stm32f10x_hd.o(.text)
    EXTI1_IRQHandler                         0x08002aeb   Thumb Code     0  startup_stm32f10x_hd.o(.text)
    EXTI2_IRQHandler                         0x08002aeb   Thumb Code     0  startup_stm32f10x_hd.o(.text)
    EXTI3_IRQHandler                         0x08002aeb   Thumb Code     0  startup_stm32f10x_hd.o(.text)
    EXTI4_IRQHandler                         0x08002aeb   Thumb Code     0  startup_stm32f10x_hd.o(.text)
    EXTI9_5_IRQHandler                       0x08002aeb   Thumb Code     0  startup_stm32f10x_hd.o(.text)
    FLASH_IRQHandler                         0x08002aeb   Thumb Code     0  startup_stm32f10x_hd.o(.text)
    FSMC_IRQHandler                          0x08002aeb   Thumb Code     0  startup_stm32f10x_hd.o(.text)
    I2C1_ER_IRQHandler                       0x08002aeb   Thumb Code     0  startup_stm32f10x_hd.o(.text)
    I2C1_EV_IRQHandler                       0x08002aeb   Thumb Code     0  startup_stm32f10x_hd.o(.text)
    I2C2_ER_IRQHandler                       0x08002aeb   Thumb Code     0  startup_stm32f10x_hd.o(.text)
    I2C2_EV_IRQHandler                       0x08002aeb   Thumb Code     0  startup_stm32f10x_hd.o(.text)
    PVD_IRQHandler                           0x08002aeb   Thumb Code     0  startup_stm32f10x_hd.o(.text)
    RCC_IRQHandler                           0x08002aeb   Thumb Code     0  startup_stm32f10x_hd.o(.text)
    RTCAlarm_IRQHandler                      0x08002aeb   Thumb Code     0  startup_stm32f10x_hd.o(.text)
    RTC_IRQHandler                           0x08002aeb   Thumb Code     0  startup_stm32f10x_hd.o(.text)
    SDIO_IRQHandler                          0x08002aeb   Thumb Code     0  startup_stm32f10x_hd.o(.text)
    SPI1_IRQHandler                          0x08002aeb   Thumb Code     0  startup_stm32f10x_hd.o(.text)
    SPI2_IRQHandler                          0x08002aeb   Thumb Code     0  startup_stm32f10x_hd.o(.text)
    SPI3_IRQHandler                          0x08002aeb   Thumb Code     0  startup_stm32f10x_hd.o(.text)
    TAMPER_IRQHandler                        0x08002aeb   Thumb Code     0  startup_stm32f10x_hd.o(.text)
    TIM1_BRK_IRQHandler                      0x08002aeb   Thumb Code     0  startup_stm32f10x_hd.o(.text)
    TIM1_CC_IRQHandler                       0x08002aeb   Thumb Code     0  startup_stm32f10x_hd.o(.text)
    TIM1_TRG_COM_IRQHandler                  0x08002aeb   Thumb Code     0  startup_stm32f10x_hd.o(.text)
    TIM1_UP_IRQHandler                       0x08002aeb   Thumb Code     0  startup_stm32f10x_hd.o(.text)
    TIM3_IRQHandler                          0x08002aeb   Thumb Code     0  startup_stm32f10x_hd.o(.text)
    TIM4_IRQHandler                          0x08002aeb   Thumb Code     0  startup_stm32f10x_hd.o(.text)
    TIM5_IRQHandler                          0x08002aeb   Thumb Code     0  startup_stm32f10x_hd.o(.text)
    TIM6_IRQHandler                          0x08002aeb   Thumb Code     0  startup_stm32f10x_hd.o(.text)
    TIM7_IRQHandler                          0x08002aeb   Thumb Code     0  startup_stm32f10x_hd.o(.text)
    TIM8_BRK_IRQHandler                      0x08002aeb   Thumb Code     0  startup_stm32f10x_hd.o(.text)
    TIM8_CC_IRQHandler                       0x08002aeb   Thumb Code     0  startup_stm32f10x_hd.o(.text)
    TIM8_TRG_COM_IRQHandler                  0x08002aeb   Thumb Code     0  startup_stm32f10x_hd.o(.text)
    TIM8_UP_IRQHandler                       0x08002aeb   Thumb Code     0  startup_stm32f10x_hd.o(.text)
    UART4_IRQHandler                         0x08002aeb   Thumb Code     0  startup_stm32f10x_hd.o(.text)
    UART5_IRQHandler                         0x08002aeb   Thumb Code     0  startup_stm32f10x_hd.o(.text)
    USART2_IRQHandler                        0x08002aeb   Thumb Code     0  startup_stm32f10x_hd.o(.text)
    USART3_IRQHandler                        0x08002aeb   Thumb Code     0  startup_stm32f10x_hd.o(.text)
    USBWakeUp_IRQHandler                     0x08002aeb   Thumb Code     0  startup_stm32f10x_hd.o(.text)
    USB_HP_CAN1_TX_IRQHandler                0x08002aeb   Thumb Code     0  startup_stm32f10x_hd.o(.text)
    USB_LP_CAN1_RX0_IRQHandler               0x08002aeb   Thumb Code     0  startup_stm32f10x_hd.o(.text)
    WWDG_IRQHandler                          0x08002aeb   Thumb Code     0  startup_stm32f10x_hd.o(.text)
    __user_initial_stackheap                 0x08002aed   Thumb Code     0  startup_stm32f10x_hd.o(.text)
    NVIC_PriorityGroupConfig                 0x08002b11   Thumb Code    10  misc.o(.text)
    NVIC_Init                                0x08002b1b   Thumb Code   100  misc.o(.text)
    NVIC_SetVectorTable                      0x08002b7f   Thumb Code    14  misc.o(.text)
    NVIC_SystemLPConfig                      0x08002b8d   Thumb Code    34  misc.o(.text)
    SysTick_CLKSourceConfig                  0x08002baf   Thumb Code    40  misc.o(.text)
    FSMC_NORSRAMDeInit                       0x08002bed   Thumb Code    54  stm32f10x_fsmc.o(.text)
    FSMC_NANDDeInit                          0x08002c23   Thumb Code    62  stm32f10x_fsmc.o(.text)
    FSMC_PCCARDDeInit                        0x08002c61   Thumb Code    36  stm32f10x_fsmc.o(.text)
    FSMC_NORSRAMInit                         0x08002c85   Thumb Code   230  stm32f10x_fsmc.o(.text)
    FSMC_NANDInit                            0x08002d6b   Thumb Code   132  stm32f10x_fsmc.o(.text)
    FSMC_PCCARDInit                          0x08002def   Thumb Code   130  stm32f10x_fsmc.o(.text)
    FSMC_NORSRAMStructInit                   0x08002e71   Thumb Code   114  stm32f10x_fsmc.o(.text)
    FSMC_NANDStructInit                      0x08002ee3   Thumb Code    54  stm32f10x_fsmc.o(.text)
    FSMC_PCCARDStructInit                    0x08002f19   Thumb Code    60  stm32f10x_fsmc.o(.text)
    FSMC_NORSRAMCmd                          0x08002f55   Thumb Code    46  stm32f10x_fsmc.o(.text)
    FSMC_NANDCmd                             0x08002f83   Thumb Code    86  stm32f10x_fsmc.o(.text)
    FSMC_PCCARDCmd                           0x08002fd9   Thumb Code    44  stm32f10x_fsmc.o(.text)
    FSMC_NANDECCCmd                          0x08003005   Thumb Code    90  stm32f10x_fsmc.o(.text)
    FSMC_GetECC                              0x0800305f   Thumb Code    24  stm32f10x_fsmc.o(.text)
    FSMC_ITConfig                            0x08003077   Thumb Code   128  stm32f10x_fsmc.o(.text)
    FSMC_GetFlagStatus                       0x080030f7   Thumb Code    54  stm32f10x_fsmc.o(.text)
    FSMC_ClearFlag                           0x0800312d   Thumb Code    62  stm32f10x_fsmc.o(.text)
    FSMC_GetITStatus                         0x0800316b   Thumb Code    64  stm32f10x_fsmc.o(.text)
    FSMC_ClearITPendingBit                   0x080031ab   Thumb Code    68  stm32f10x_fsmc.o(.text)
    GPIO_DeInit                              0x080031f9   Thumb Code   172  stm32f10x_gpio.o(.text)
    GPIO_AFIODeInit                          0x080032a5   Thumb Code    20  stm32f10x_gpio.o(.text)
    GPIO_Init                                0x080032b9   Thumb Code   278  stm32f10x_gpio.o(.text)
    GPIO_StructInit                          0x080033cf   Thumb Code    16  stm32f10x_gpio.o(.text)
    GPIO_ReadInputDataBit                    0x080033df   Thumb Code    18  stm32f10x_gpio.o(.text)
    GPIO_ReadInputData                       0x080033f1   Thumb Code     8  stm32f10x_gpio.o(.text)
    GPIO_ReadOutputDataBit                   0x080033f9   Thumb Code    18  stm32f10x_gpio.o(.text)
    GPIO_ReadOutputData                      0x0800340b   Thumb Code     8  stm32f10x_gpio.o(.text)
    GPIO_SetBits                             0x08003413   Thumb Code     4  stm32f10x_gpio.o(.text)
    GPIO_ResetBits                           0x08003417   Thumb Code     4  stm32f10x_gpio.o(.text)
    GPIO_WriteBit                            0x0800341b   Thumb Code    10  stm32f10x_gpio.o(.text)
    GPIO_Write                               0x08003425   Thumb Code     4  stm32f10x_gpio.o(.text)
    GPIO_PinLockConfig                       0x08003429   Thumb Code    18  stm32f10x_gpio.o(.text)
    GPIO_EventOutputConfig                   0x0800343b   Thumb Code    26  stm32f10x_gpio.o(.text)
    GPIO_EventOutputCmd                      0x08003455   Thumb Code     6  stm32f10x_gpio.o(.text)
    GPIO_PinRemapConfig                      0x0800345b   Thumb Code   138  stm32f10x_gpio.o(.text)
    GPIO_EXTILineConfig                      0x080034e5   Thumb Code    66  stm32f10x_gpio.o(.text)
    GPIO_ETH_MediaInterfaceConfig            0x08003527   Thumb Code     8  stm32f10x_gpio.o(.text)
    RCC_DeInit                               0x08003555   Thumb Code    64  stm32f10x_rcc.o(.text)
    RCC_HSEConfig                            0x08003595   Thumb Code    70  stm32f10x_rcc.o(.text)
    RCC_GetFlagStatus                        0x080035db   Thumb Code    56  stm32f10x_rcc.o(.text)
    RCC_WaitForHSEStartUp                    0x08003613   Thumb Code    56  stm32f10x_rcc.o(.text)
    RCC_AdjustHSICalibrationValue            0x0800364b   Thumb Code    20  stm32f10x_rcc.o(.text)
    RCC_HSICmd                               0x0800365f   Thumb Code     6  stm32f10x_rcc.o(.text)
    RCC_PLLConfig                            0x08003665   Thumb Code    24  stm32f10x_rcc.o(.text)
    RCC_PLLCmd                               0x0800367d   Thumb Code     6  stm32f10x_rcc.o(.text)
    RCC_SYSCLKConfig                         0x08003683   Thumb Code    18  stm32f10x_rcc.o(.text)
    RCC_GetSYSCLKSource                      0x08003695   Thumb Code    10  stm32f10x_rcc.o(.text)
    RCC_HCLKConfig                           0x0800369f   Thumb Code    18  stm32f10x_rcc.o(.text)
    RCC_PCLK1Config                          0x080036b1   Thumb Code    18  stm32f10x_rcc.o(.text)
    RCC_PCLK2Config                          0x080036c3   Thumb Code    20  stm32f10x_rcc.o(.text)
    RCC_ITConfig                             0x080036d7   Thumb Code    26  stm32f10x_rcc.o(.text)
    RCC_USBCLKConfig                         0x080036f1   Thumb Code     8  stm32f10x_rcc.o(.text)
    RCC_ADCCLKConfig                         0x080036f9   Thumb Code    18  stm32f10x_rcc.o(.text)
    RCC_LSEConfig                            0x0800370b   Thumb Code    50  stm32f10x_rcc.o(.text)
    RCC_LSICmd                               0x0800373d   Thumb Code     6  stm32f10x_rcc.o(.text)
    RCC_RTCCLKConfig                         0x08003743   Thumb Code    12  stm32f10x_rcc.o(.text)
    RCC_RTCCLKCmd                            0x0800374f   Thumb Code     8  stm32f10x_rcc.o(.text)
    RCC_GetClocksFreq                        0x08003757   Thumb Code   192  stm32f10x_rcc.o(.text)
    RCC_AHBPeriphClockCmd                    0x08003817   Thumb Code    26  stm32f10x_rcc.o(.text)
    RCC_APB2PeriphClockCmd                   0x08003831   Thumb Code    26  stm32f10x_rcc.o(.text)
    RCC_APB1PeriphClockCmd                   0x0800384b   Thumb Code    26  stm32f10x_rcc.o(.text)
    RCC_APB2PeriphResetCmd                   0x08003865   Thumb Code    26  stm32f10x_rcc.o(.text)
    RCC_APB1PeriphResetCmd                   0x0800387f   Thumb Code    26  stm32f10x_rcc.o(.text)
    RCC_BackupResetCmd                       0x08003899   Thumb Code     8  stm32f10x_rcc.o(.text)
    RCC_ClockSecuritySystemCmd               0x080038a1   Thumb Code     6  stm32f10x_rcc.o(.text)
    RCC_MCOConfig                            0x080038a7   Thumb Code     6  stm32f10x_rcc.o(.text)
    RCC_ClearFlag                            0x080038ad   Thumb Code    14  stm32f10x_rcc.o(.text)
    RCC_GetITStatus                          0x080038bb   Thumb Code    20  stm32f10x_rcc.o(.text)
    RCC_ClearITPendingBit                    0x080038cf   Thumb Code     6  stm32f10x_rcc.o(.text)
    USART_DeInit                             0x080038f9   Thumb Code   134  stm32f10x_usart.o(.text)
    USART_Init                               0x0800397f   Thumb Code   210  stm32f10x_usart.o(.text)
    USART_StructInit                         0x08003a51   Thumb Code    24  stm32f10x_usart.o(.text)
    USART_ClockInit                          0x08003a69   Thumb Code    34  stm32f10x_usart.o(.text)
    USART_ClockStructInit                    0x08003a8b   Thumb Code    12  stm32f10x_usart.o(.text)
    USART_Cmd                                0x08003a97   Thumb Code    24  stm32f10x_usart.o(.text)
    USART_ITConfig                           0x08003aaf   Thumb Code    74  stm32f10x_usart.o(.text)
    USART_DMACmd                             0x08003af9   Thumb Code    18  stm32f10x_usart.o(.text)
    USART_SetAddress                         0x08003b0b   Thumb Code    18  stm32f10x_usart.o(.text)
    USART_WakeUpConfig                       0x08003b1d   Thumb Code    18  stm32f10x_usart.o(.text)
    USART_ReceiverWakeUpCmd                  0x08003b2f   Thumb Code    24  stm32f10x_usart.o(.text)
    USART_LINBreakDetectLengthConfig         0x08003b47   Thumb Code    18  stm32f10x_usart.o(.text)
    USART_LINCmd                             0x08003b59   Thumb Code    24  stm32f10x_usart.o(.text)
    USART_SendData                           0x08003b71   Thumb Code     8  stm32f10x_usart.o(.text)
    USART_ReceiveData                        0x08003b79   Thumb Code    10  stm32f10x_usart.o(.text)
    USART_SendBreak                          0x08003b83   Thumb Code    10  stm32f10x_usart.o(.text)
    USART_SetGuardTime                       0x08003b8d   Thumb Code    16  stm32f10x_usart.o(.text)
    USART_SetPrescaler                       0x08003b9d   Thumb Code    16  stm32f10x_usart.o(.text)
    USART_SmartCardCmd                       0x08003bad   Thumb Code    24  stm32f10x_usart.o(.text)
    USART_SmartCardNACKCmd                   0x08003bc5   Thumb Code    24  stm32f10x_usart.o(.text)
    USART_HalfDuplexCmd                      0x08003bdd   Thumb Code    24  stm32f10x_usart.o(.text)
    USART_OverSampling8Cmd                   0x08003bf5   Thumb Code    22  stm32f10x_usart.o(.text)
    USART_OneBitMethodCmd                    0x08003c0b   Thumb Code    24  stm32f10x_usart.o(.text)
    USART_IrDAConfig                         0x08003c23   Thumb Code    18  stm32f10x_usart.o(.text)
    USART_IrDACmd                            0x08003c35   Thumb Code    24  stm32f10x_usart.o(.text)
    USART_GetFlagStatus                      0x08003c4d   Thumb Code    26  stm32f10x_usart.o(.text)
    USART_ClearFlag                          0x08003c67   Thumb Code    18  stm32f10x_usart.o(.text)
    USART_GetITStatus                        0x08003c79   Thumb Code    84  stm32f10x_usart.o(.text)
    USART_ClearITPendingBit                  0x08003ccd   Thumb Code    52  stm32f10x_usart.o(.text)
    __use_no_semihosting                     0x08003d01   Thumb Code     2  use_no_semi_2.o(.text)
    __2printf                                0x08003d05   Thumb Code    20  noretval__2printf.o(.text)
    __printf                                 0x08003d1d   Thumb Code   104  __printf.o(.text)
    _printf_int_dec                          0x08003d85   Thumb Code   104  _printf_dec.o(.text)
    __use_two_region_memory                  0x08003dfd   Thumb Code     2  heapauxi.o(.text)
    __rt_heap_escrow$2region                 0x08003dff   Thumb Code     2  heapauxi.o(.text)
    __rt_heap_expand$2region                 0x08003e01   Thumb Code     2  heapauxi.o(.text)
    __I$use$semihosting                      0x08003e03   Thumb Code     0  use_no_semi.o(.text)
    __use_no_semihosting_swi                 0x08003e03   Thumb Code     2  use_no_semi.o(.text)
    __read_errno                             0x08003e05   Thumb Code    10  _rserrno.o(.text)
    __set_errno                              0x08003e0f   Thumb Code    12  _rserrno.o(.text)
    _printf_int_common                       0x08003e1b   Thumb Code   178  _printf_intcommon.o(.text)
    _printf_char_file                        0x08003ecd   Thumb Code    32  _printf_char_file.o(.text)
    __aeabi_errno_addr                       0x08003ef1   Thumb Code     8  rt_errno_addr_intlibspace.o(.text)
    __errno$intlibspace                      0x08003ef1   Thumb Code     0  rt_errno_addr_intlibspace.o(.text)
    __rt_errno_addr$intlibspace              0x08003ef1   Thumb Code     0  rt_errno_addr_intlibspace.o(.text)
    _printf_char_common                      0x08003f03   Thumb Code    32  _printf_char_common.o(.text)
    ferror                                   0x08003f29   Thumb Code     8  ferror.o(.text)
    __user_libspace                          0x08003f31   Thumb Code     8  libspace.o(.text)
    __user_perproc_libspace                  0x08003f31   Thumb Code     0  libspace.o(.text)
    __user_perthread_libspace                0x08003f31   Thumb Code     0  libspace.o(.text)
    __user_setup_stackheap                   0x08003f39   Thumb Code    74  sys_stackheap_outer.o(.text)
    exit                                     0x08003f83   Thumb Code    18  exit.o(.text)
    floor                                    0x08003f95   Thumb Code   204  floor.o(i.floor)
    sqrt                                     0x08004071   Thumb Code    76  sqrt.o(i.sqrt)
    __aeabi_dadd                             0x080040bd   Thumb Code     0  daddsub_clz.o(x$fpl$dadd)
    _dadd                                    0x080040bd   Thumb Code   332  daddsub_clz.o(x$fpl$dadd)
    __fpl_dcmp_Inf                           0x0800420d   Thumb Code    24  dcmpi.o(x$fpl$dcmpinf)
    __aeabi_d2iz                             0x08004225   Thumb Code     0  dfix.o(x$fpl$dfix)
    _dfix                                    0x08004225   Thumb Code    94  dfix.o(x$fpl$dfix)
    __aeabi_d2uiz                            0x08004285   Thumb Code     0  dfixu.o(x$fpl$dfixu)
    _dfixu                                   0x08004285   Thumb Code    90  dfixu.o(x$fpl$dfixu)
    __aeabi_i2d                              0x080042df   Thumb Code     0  dflt_clz.o(x$fpl$dflt)
    _dflt                                    0x080042df   Thumb Code    46  dflt_clz.o(x$fpl$dflt)
    __aeabi_ui2d                             0x0800430d   Thumb Code     0  dflt_clz.o(x$fpl$dfltu)
    _dfltu                                   0x0800430d   Thumb Code    38  dflt_clz.o(x$fpl$dfltu)
    __aeabi_cdcmple                          0x08004335   Thumb Code     0  dleqf.o(x$fpl$dleqf)
    _dcmple                                  0x08004335   Thumb Code   120  dleqf.o(x$fpl$dleqf)
    __fpl_dcmple_InfNaN                      0x08004397   Thumb Code     0  dleqf.o(x$fpl$dleqf)
    __aeabi_dmul                             0x080043ad   Thumb Code     0  dmul.o(x$fpl$dmul)
    _dmul                                    0x080043ad   Thumb Code   332  dmul.o(x$fpl$dmul)
    __fpl_dnaninf                            0x08004501   Thumb Code   156  dnaninf.o(x$fpl$dnaninf)
    __fpl_dretinf                            0x0800459d   Thumb Code    12  dretinf.o(x$fpl$dretinf)
    __aeabi_cdrcmple                         0x080045a9   Thumb Code     0  drleqf.o(x$fpl$drleqf)
    _drcmple                                 0x080045a9   Thumb Code   108  drleqf.o(x$fpl$drleqf)
    __aeabi_drsub                            0x08004615   Thumb Code     0  daddsub_clz.o(x$fpl$drsb)
    _drsb                                    0x08004615   Thumb Code    22  daddsub_clz.o(x$fpl$drsb)
    _dsqrt                                   0x0800462d   Thumb Code   456  dsqrt_noumaal.o(x$fpl$dsqrt)
    __aeabi_dsub                             0x080047f9   Thumb Code     0  daddsub_clz.o(x$fpl$dsub)
    _dsub                                    0x080047f9   Thumb Code   464  daddsub_clz.o(x$fpl$dsub)
    __aeabi_f2d                              0x080049cd   Thumb Code     0  f2d.o(x$fpl$f2d)
    _f2d                                     0x080049cd   Thumb Code    86  f2d.o(x$fpl$f2d)
    __aeabi_fadd                             0x08004a25   Thumb Code     0  faddsub_clz.o(x$fpl$fadd)
    _fadd                                    0x08004a25   Thumb Code   196  faddsub_clz.o(x$fpl$fadd)
    __aeabi_fdiv                             0x08004ae9   Thumb Code     0  fdiv.o(x$fpl$fdiv)
    _fdiv                                    0x08004ae9   Thumb Code   384  fdiv.o(x$fpl$fdiv)
    __aeabi_f2iz                             0x08004c6d   Thumb Code     0  ffix.o(x$fpl$ffix)
    _ffix                                    0x08004c6d   Thumb Code    54  ffix.o(x$fpl$ffix)
    __aeabi_f2uiz                            0x08004ca5   Thumb Code     0  ffixu.o(x$fpl$ffixu)
    _ffixu                                   0x08004ca5   Thumb Code    62  ffixu.o(x$fpl$ffixu)
    __aeabi_i2f                              0x08004ce5   Thumb Code     0  fflt_clz.o(x$fpl$fflt)
    _fflt                                    0x08004ce5   Thumb Code    48  fflt_clz.o(x$fpl$fflt)
    __aeabi_ui2f                             0x08004d15   Thumb Code     0  fflt_clz.o(x$fpl$ffltu)
    _ffltu                                   0x08004d15   Thumb Code    38  fflt_clz.o(x$fpl$ffltu)
    __aeabi_fmul                             0x08004d3d   Thumb Code     0  fmul.o(x$fpl$fmul)
    _fmul                                    0x08004d3d   Thumb Code   258  fmul.o(x$fpl$fmul)
    __fpl_fnaninf                            0x08004e3f   Thumb Code   140  fnaninf.o(x$fpl$fnaninf)
    __fpl_fretinf                            0x08004ecb   Thumb Code    10  fretinf.o(x$fpl$fretinf)
    __aeabi_fsub                             0x08004ed5   Thumb Code     0  faddsub_clz.o(x$fpl$fsub)
    _fsub                                    0x08004ed5   Thumb Code   234  faddsub_clz.o(x$fpl$fsub)
    __I$use$fp                               0x08004fbe   Number         0  usenofp.o(x$fpl$usenofp)
    loginpic                                 0x08004fbe   Data       52000  main.o(.constdata)
    array                                    0x08011ade   Data       81234  main.o(.constdata)
    asc2_1206                                0x08025830   Data        1140  lcd.o(.constdata)
    asc2_1608                                0x08025ca4   Data        1520  lcd.o(.constdata)
    Region$$Table$$Base                      0x08026310   Number         0  anon$$obj.o(Region$$Table)
    Region$$Table$$Limit                     0x08026330   Number         0  anon$$obj.o(Region$$Table)
    x                                        0x20000000   Data           2  main.o(.data)
    zarib                                    0x20000004   Data           4  main.o(.data)
    counterf                                 0x20000008   Data           4  main.o(.data)
    i                                        0x2000000c   Data           4  main.o(.data)
    k                                        0x20000010   Data           1  main.o(.data)
    tmp                                      0x20000014   Data           4  main.o(.data)
    stop                                     0x20000018   Data           4  main.o(.data)
    pressed                                  0x2000001c   Data           4  main.o(.data)
    flag1                                    0x20000020   Data           4  main.o(.data)
    key                                      0x20000024   Data           1  main.o(.data)
    SystemCoreClock                          0x20000028   Data           4  system_stm32f10x.o(.data)
    AHBPrescTable                            0x2000002c   Data          16  system_stm32f10x.o(.data)
    POINT_COLOR                              0x2000003c   Data           2  lcd.o(.data)
    BACK_COLOR                               0x2000003e   Data           2  lcd.o(.data)
    DeviceCode                               0x20000044   Data           2  lcd.o(.data)
    tp_dev                                   0x20000048   Data          40  touch.o(.data)
    CMD_RDX                                  0x20000070   Data           1  touch.o(.data)
    CMD_RDY                                  0x20000071   Data           1  touch.o(.data)
    TP_REMIND_MSG_TBL                        0x20000074   Data           4  touch.o(.data)
    __stdout                                 0x2000007c   Data           4  usart.o(.data)
    USART_RX_STA                             0x20000080   Data           2  usart.o(.data)
    lcddev                                   0x20000098   Data          10  lcd.o(.bss)
    USART_RX_BUF                             0x200000a2   Data         200  usart.o(.bss)
    __libspace_start                         0x2000016c   Data          96  libspace.o(.bss)
    __temporary_stack_top$libspace           0x200001cc   Data           0  libspace.o(.bss)



==============================================================================

Memory Map of the image

  Image Entry point : 0x08000131

  Load Region LR_IROM1 (Base: 0x08000000, Size: 0x000263c8, Max: 0x00080000, ABSOLUTE)

    Execution Region ER_IROM1 (Base: 0x08000000, Size: 0x00026330, Max: 0x00080000, ABSOLUTE)

    Base Addr    Size         Type   Attr      Idx    E Section Name        Object

    0x08000000   0x00000130   Data   RO          382    RESET               startup_stm32f10x_hd.o
    0x08000130   0x00000008   Code   RO          509  * !!!main             c_w.l(__main.o)
    0x08000138   0x00000034   Code   RO          763    !!!scatter          c_w.l(__scatter.o)
    0x0800016c   0x0000001a   Code   RO          765    !!handler_copy      c_w.l(__scatter_copy.o)
    0x08000186   0x00000002   PAD
    0x08000188   0x0000001c   Code   RO          767    !!handler_zi        c_w.l(__scatter_zi.o)
    0x080001a4   0x00000000   Code   RO          506    .ARM.Collect$$_printf_percent$$00000000  c_w.l(_printf_percent.o)
    0x080001a4   0x00000006   Code   RO          505    .ARM.Collect$$_printf_percent$$00000008  c_w.l(_printf_i.o)
    0x080001aa   0x00000004   Code   RO          580    .ARM.Collect$$_printf_percent$$00000017  c_w.l(_printf_percent_end.o)
    0x080001ae   0x00000002   Code   RO          640    .ARM.Collect$$libinit$$00000000  c_w.l(libinit.o)
    0x080001b0   0x00000000   Code   RO          644    .ARM.Collect$$libinit$$00000002  c_w.l(libinit2.o)
    0x080001b0   0x00000000   Code   RO          646    .ARM.Collect$$libinit$$00000004  c_w.l(libinit2.o)
    0x080001b0   0x00000000   Code   RO          649    .ARM.Collect$$libinit$$0000000A  c_w.l(libinit2.o)
    0x080001b0   0x00000000   Code   RO          651    .ARM.Collect$$libinit$$0000000C  c_w.l(libinit2.o)
    0x080001b0   0x00000000   Code   RO          653    .ARM.Collect$$libinit$$0000000E  c_w.l(libinit2.o)
    0x080001b0   0x00000000   Code   RO          656    .ARM.Collect$$libinit$$00000011  c_w.l(libinit2.o)
    0x080001b0   0x00000000   Code   RO          658    .ARM.Collect$$libinit$$00000013  c_w.l(libinit2.o)
    0x080001b0   0x00000000   Code   RO          660    .ARM.Collect$$libinit$$00000015  c_w.l(libinit2.o)
    0x080001b0   0x00000000   Code   RO          662    .ARM.Collect$$libinit$$00000017  c_w.l(libinit2.o)
    0x080001b0   0x00000000   Code   RO          664    .ARM.Collect$$libinit$$00000019  c_w.l(libinit2.o)
    0x080001b0   0x00000000   Code   RO          666    .ARM.Collect$$libinit$$0000001B  c_w.l(libinit2.o)
    0x080001b0   0x00000000   Code   RO          668    .ARM.Collect$$libinit$$0000001D  c_w.l(libinit2.o)
    0x080001b0   0x00000000   Code   RO          670    .ARM.Collect$$libinit$$0000001F  c_w.l(libinit2.o)
    0x080001b0   0x00000000   Code   RO          672    .ARM.Collect$$libinit$$00000021  c_w.l(libinit2.o)
    0x080001b0   0x00000000   Code   RO          674    .ARM.Collect$$libinit$$00000023  c_w.l(libinit2.o)
    0x080001b0   0x00000000   Code   RO          676    .ARM.Collect$$libinit$$00000025  c_w.l(libinit2.o)
    0x080001b0   0x00000000   Code   RO          680    .ARM.Collect$$libinit$$0000002C  c_w.l(libinit2.o)
    0x080001b0   0x00000000   Code   RO          682    .ARM.Collect$$libinit$$0000002E  c_w.l(libinit2.o)
    0x080001b0   0x00000000   Code   RO          684    .ARM.Collect$$libinit$$00000030  c_w.l(libinit2.o)
    0x080001b0   0x00000000   Code   RO          686    .ARM.Collect$$libinit$$00000032  c_w.l(libinit2.o)
    0x080001b0   0x00000002   Code   RO          687    .ARM.Collect$$libinit$$00000033  c_w.l(libinit2.o)
    0x080001b2   0x00000002   Code   RO          705    .ARM.Collect$$libshutdown$$00000000  c_w.l(libshutdown.o)
    0x080001b4   0x00000000   Code   RO          715    .ARM.Collect$$libshutdown$$00000002  c_w.l(libshutdown2.o)
    0x080001b4   0x00000000   Code   RO          717    .ARM.Collect$$libshutdown$$00000004  c_w.l(libshutdown2.o)
    0x080001b4   0x00000000   Code   RO          720    .ARM.Collect$$libshutdown$$00000007  c_w.l(libshutdown2.o)
    0x080001b4   0x00000000   Code   RO          723    .ARM.Collect$$libshutdown$$0000000A  c_w.l(libshutdown2.o)
    0x080001b4   0x00000000   Code   RO          725    .ARM.Collect$$libshutdown$$0000000C  c_w.l(libshutdown2.o)
    0x080001b4   0x00000000   Code   RO          728    .ARM.Collect$$libshutdown$$0000000F  c_w.l(libshutdown2.o)
    0x080001b4   0x00000002   Code   RO          729    .ARM.Collect$$libshutdown$$00000010  c_w.l(libshutdown2.o)
    0x080001b6   0x00000000   Code   RO          573    .ARM.Collect$$rtentry$$00000000  c_w.l(__rtentry.o)
    0x080001b6   0x00000000   Code   RO          601    .ARM.Collect$$rtentry$$00000002  c_w.l(__rtentry2.o)
    0x080001b6   0x00000006   Code   RO          613    .ARM.Collect$$rtentry$$00000004  c_w.l(__rtentry4.o)
    0x080001bc   0x00000000   Code   RO          603    .ARM.Collect$$rtentry$$00000009  c_w.l(__rtentry2.o)
    0x080001bc   0x00000004   Code   RO          604    .ARM.Collect$$rtentry$$0000000A  c_w.l(__rtentry2.o)
    0x080001c0   0x00000000   Code   RO          606    .ARM.Collect$$rtentry$$0000000C  c_w.l(__rtentry2.o)
    0x080001c0   0x00000008   Code   RO          607    .ARM.Collect$$rtentry$$0000000D  c_w.l(__rtentry2.o)
    0x080001c8   0x00000002   Code   RO          641    .ARM.Collect$$rtexit$$00000000  c_w.l(rtexit.o)
    0x080001ca   0x00000000   Code   RO          689    .ARM.Collect$$rtexit$$00000002  c_w.l(rtexit2.o)
    0x080001ca   0x00000004   Code   RO          690    .ARM.Collect$$rtexit$$00000003  c_w.l(rtexit2.o)
    0x080001ce   0x00000006   Code   RO          691    .ARM.Collect$$rtexit$$00000004  c_w.l(rtexit2.o)
    0x080001d4   0x00000004   Code   RO          250    .emb_text           lcd.o
    0x080001d8   0x000006d4   Code   RO            1    .text               main.o
    0x080008ac   0x0000001a   Code   RO          159    .text               stm32f10x_it.o
    0x080008c6   0x00000002   PAD
    0x080008c8   0x000001e0   Code   RO          204    .text               system_stm32f10x.o
    0x08000aa8   0x00000050   Code   RO          222    .text               led.o
    0x08000af8   0x0000006c   Code   RO          238    .text               key.o
    0x08000b64   0x000008dc   Code   RO          251    .text               lcd.o
    0x08001440   0x0000026c   Code   RO          278    .text               myiic.o
    0x080016ac   0x0000017a   Code   RO          290    .text               24cxx.o
    0x08001826   0x00000002   PAD
    0x08001828   0x00001080   Code   RO          302    .text               touch.o
    0x080028a8   0x000000d4   Code   RO          321    .text               delay.o
    0x0800297c   0x0000000c   Code   RO          335    .text               sys.o
    0x08002988   0x00000148   Code   RO          347    .text               usart.o
    0x08002ad0   0x00000040   Code   RO          383    .text               startup_stm32f10x_hd.o
    0x08002b10   0x000000dc   Code   RO          387    .text               misc.o
    0x08002bec   0x0000060c   Code   RO          399    .text               stm32f10x_fsmc.o
    0x080031f8   0x0000035c   Code   RO          411    .text               stm32f10x_gpio.o
    0x08003554   0x000003a4   Code   RO          423    .text               stm32f10x_rcc.o
    0x080038f8   0x00000408   Code   RO          449    .text               stm32f10x_usart.o
    0x08003d00   0x00000002   Code   RO          475    .text               c_w.l(use_no_semi_2.o)
    0x08003d02   0x00000002   PAD
    0x08003d04   0x00000018   Code   RO          479    .text               c_w.l(noretval__2printf.o)
    0x08003d1c   0x00000068   Code   RO          481    .text               c_w.l(__printf.o)
    0x08003d84   0x00000078   Code   RO          483    .text               c_w.l(_printf_dec.o)
    0x08003dfc   0x00000006   Code   RO          507    .text               c_w.l(heapauxi.o)
    0x08003e02   0x00000002   Code   RO          571    .text               c_w.l(use_no_semi.o)
    0x08003e04   0x00000016   Code   RO          574    .text               c_w.l(_rserrno.o)
    0x08003e1a   0x000000b2   Code   RO          576    .text               c_w.l(_printf_intcommon.o)
    0x08003ecc   0x00000024   Code   RO          578    .text               c_w.l(_printf_char_file.o)
    0x08003ef0   0x00000008   Code   RO          618    .text               c_w.l(rt_errno_addr_intlibspace.o)
    0x08003ef8   0x00000030   Code   RO          620    .text               c_w.l(_printf_char_common.o)
    0x08003f28   0x00000008   Code   RO          622    .text               c_w.l(ferror.o)
    0x08003f30   0x00000008   Code   RO          626    .text               c_w.l(libspace.o)
    0x08003f38   0x0000004a   Code   RO          629    .text               c_w.l(sys_stackheap_outer.o)
    0x08003f82   0x00000012   Code   RO          633    .text               c_w.l(exit.o)
    0x08003f94   0x000000dc   Code   RO          560    i.floor             m_ws.l(floor.o)
    0x08004070   0x0000004c   Code   RO          564    i.sqrt              m_ws.l(sqrt.o)
    0x080040bc   0x00000150   Code   RO          581    x$fpl$dadd          fz_ws.l(daddsub_clz.o)
    0x0800420c   0x00000018   Code   RO          587    x$fpl$dcmpinf       fz_ws.l(dcmpi.o)
    0x08004224   0x0000005e   Code   RO          511    x$fpl$dfix          fz_ws.l(dfix.o)
    0x08004282   0x00000002   PAD
    0x08004284   0x0000005a   Code   RO          515    x$fpl$dfixu         fz_ws.l(dfixu.o)
    0x080042de   0x0000002e   Code   RO          520    x$fpl$dflt          fz_ws.l(dflt_clz.o)
    0x0800430c   0x00000026   Code   RO          519    x$fpl$dfltu         fz_ws.l(dflt_clz.o)
    0x08004332   0x00000002   PAD
    0x08004334   0x00000078   Code   RO          525    x$fpl$dleqf         fz_ws.l(dleqf.o)
    0x080043ac   0x00000154   Code   RO          527    x$fpl$dmul          fz_ws.l(dmul.o)
    0x08004500   0x0000009c   Code   RO          589    x$fpl$dnaninf       fz_ws.l(dnaninf.o)
    0x0800459c   0x0000000c   Code   RO          591    x$fpl$dretinf       fz_ws.l(dretinf.o)
    0x080045a8   0x0000006c   Code   RO          529    x$fpl$drleqf        fz_ws.l(drleqf.o)
    0x08004614   0x00000016   Code   RO          582    x$fpl$drsb          fz_ws.l(daddsub_clz.o)
    0x0800462a   0x00000002   PAD
    0x0800462c   0x000001cc   Code   RO          593    x$fpl$dsqrt         fz_ws.l(dsqrt_noumaal.o)
    0x080047f8   0x000001d4   Code   RO          583    x$fpl$dsub          fz_ws.l(daddsub_clz.o)
    0x080049cc   0x00000056   Code   RO          531    x$fpl$f2d           fz_ws.l(f2d.o)
    0x08004a22   0x00000002   PAD
    0x08004a24   0x000000c4   Code   RO          533    x$fpl$fadd          fz_ws.l(faddsub_clz.o)
    0x08004ae8   0x00000184   Code   RO          540    x$fpl$fdiv          fz_ws.l(fdiv.o)
    0x08004c6c   0x00000036   Code   RO          543    x$fpl$ffix          fz_ws.l(ffix.o)
    0x08004ca2   0x00000002   PAD
    0x08004ca4   0x0000003e   Code   RO          547    x$fpl$ffixu         fz_ws.l(ffixu.o)
    0x08004ce2   0x00000002   PAD
    0x08004ce4   0x00000030   Code   RO          552    x$fpl$fflt          fz_ws.l(fflt_clz.o)
    0x08004d14   0x00000026   Code   RO          551    x$fpl$ffltu         fz_ws.l(fflt_clz.o)
    0x08004d3a   0x00000002   PAD
    0x08004d3c   0x00000102   Code   RO          557    x$fpl$fmul          fz_ws.l(fmul.o)
    0x08004e3e   0x0000008c   Code   RO          595    x$fpl$fnaninf       fz_ws.l(fnaninf.o)
    0x08004eca   0x0000000a   Code   RO          597    x$fpl$fretinf       fz_ws.l(fretinf.o)
    0x08004ed4   0x000000ea   Code   RO          535    x$fpl$fsub          fz_ws.l(faddsub_clz.o)
    0x08004fbe   0x00000000   Code   RO          599    x$fpl$usenofp       fz_ws.l(usenofp.o)
    0x08004fbe   0x00020872   Data   RO            3    .constdata          main.o
    0x08025830   0x00000a64   Data   RO          253    .constdata          lcd.o
    0x08026294   0x00000079   Data   RO          303    .conststring        touch.o
    0x0802630d   0x00000003   PAD
    0x08026310   0x00000020   Data   RO          761    Region$$Table       anon$$obj.o


    Execution Region RW_IRAM1 (Base: 0x20000000, Size: 0x000007d0, Max: 0x00010000, ABSOLUTE)

    Base Addr    Size         Type   Attr      Idx    E Section Name        Object

    0x20000000   0x00000025   Data   RW            4    .data               main.o
    0x20000025   0x00000003   PAD
    0x20000028   0x00000014   Data   RW          205    .data               system_stm32f10x.o
    0x2000003c   0x0000000a   Data   RW          254    .data               lcd.o
    0x20000046   0x00000002   PAD
    0x20000048   0x00000030   Data   RW          304    .data               touch.o
    0x20000078   0x00000004   Data   RW          322    .data               delay.o
    0x2000007c   0x00000006   Data   RW          349    .data               usart.o
    0x20000082   0x00000014   Data   RW          424    .data               stm32f10x_rcc.o
    0x20000096   0x00000002   PAD
    0x20000098   0x0000000a   Zero   RW          252    .bss                lcd.o
    0x200000a2   0x000000c8   Zero   RW          348    .bss                usart.o
    0x2000016a   0x00000002   PAD
    0x2000016c   0x00000060   Zero   RW          627    .bss                c_w.l(libspace.o)
    0x200001cc   0x00000004   PAD
    0x200001d0   0x00000200   Zero   RW          381    HEAP                startup_stm32f10x_hd.o
    0x200003d0   0x00000400   Zero   RW          380    STACK               startup_stm32f10x_hd.o


==============================================================================

Image component sizes


      Code (inc. data)   RO Data    RW Data    ZI Data      Debug   Object Name

       378          0          0          0          0       2782   24cxx.o
       212         18          0          4          0       1027   delay.o
       108          4          0          0          0        724   key.o
      2272         54       2660         10         10      10996   lcd.o
        80          8          0          0          0        503   led.o
      1748        258     133234         37          0     258958   main.o
       220         22          0          0          0       1789   misc.o
       620         14          0          0          0       1876   myiic.o
        64         26        304          0       1536        796   startup_stm32f10x_hd.o
      1548         18          0          0          0       5367   stm32f10x_fsmc.o
       860         38          0          0          0       5721   stm32f10x_gpio.o
        26          0          0          0          0       1174   stm32f10x_it.o
       932         36          0         20          0       8896   stm32f10x_rcc.o
      1032         22          0          0          0       8448   stm32f10x_usart.o
        12          0          0          0          0        445   sys.o
       480         38          0         20          0       1719   system_stm32f10x.o
      4224        326        121         48          0       6765   touch.o
       328         18          0          6        200       3166   usart.o

    ----------------------------------------------------------------------
     15148        900     136354        152       1748     321152   Object Totals
         0          0         32          0          0          0   (incl. Generated)
         4          0          3          7          2          0   (incl. Padding)

    ----------------------------------------------------------------------

      Code (inc. data)   RO Data    RW Data    ZI Data      Debug   Library Member Name

         8          0          0          0          0         68   __main.o
       104          0          0          0          0         84   __printf.o
         0          0          0          0          0          0   __rtentry.o
        12          0          0          0          0          0   __rtentry2.o
         6          0          0          0          0          0   __rtentry4.o
        52          8          0          0          0          0   __scatter.o
        26          0          0          0          0          0   __scatter_copy.o
        28          0          0          0          0          0   __scatter_zi.o
        48          6          0          0          0         96   _printf_char_common.o
        36          4          0          0          0         80   _printf_char_file.o
       120         16          0          0          0         92   _printf_dec.o
         6          0          0          0          0          0   _printf_i.o
       178          0          0          0          0         88   _printf_intcommon.o
         0          0          0          0          0          0   _printf_percent.o
         4          0          0          0          0          0   _printf_percent_end.o
        22          0          0          0          0        100   _rserrno.o
        18          0          0          0          0         80   exit.o
         8          0          0          0          0         68   ferror.o
         6          0          0          0          0        152   heapauxi.o
         2          0          0          0          0          0   libinit.o
         2          0          0          0          0          0   libinit2.o
         2          0          0          0          0          0   libshutdown.o
         2          0          0          0          0          0   libshutdown2.o
         8          4          0          0         96         68   libspace.o
        24          4          0          0          0         84   noretval__2printf.o
         8          4          0          0          0         68   rt_errno_addr_intlibspace.o
         2          0          0          0          0          0   rtexit.o
        10          0          0          0          0          0   rtexit2.o
        74          0          0          0          0         80   sys_stackheap_outer.o
         2          0          0          0          0         68   use_no_semi.o
         2          0          0          0          0         68   use_no_semi_2.o
       826         16          0          0          0        348   daddsub_clz.o
        24          0          0          0          0         68   dcmpi.o
        94          4          0          0          0         92   dfix.o
        90          4          0          0          0         92   dfixu.o
        84          0          0          0          0        136   dflt_clz.o
       120          4          0          0          0         92   dleqf.o
       340         12          0          0          0        104   dmul.o
       156          4          0          0          0         92   dnaninf.o
        12          0          0          0          0         68   dretinf.o
       108          0          0          0          0         80   drleqf.o
       460         56          0          0          0        120   dsqrt_noumaal.o
        86          4          0          0          0         84   f2d.o
       430          8          0          0          0        168   faddsub_clz.o
       388         76          0          0          0         96   fdiv.o
        54          4          0          0          0         84   ffix.o
        62          4          0          0          0         84   ffixu.o
        86          0          0          0          0        136   fflt_clz.o
       258          4          0          0          0         84   fmul.o
       140          4          0          0          0         84   fnaninf.o
        10          0          0          0          0         68   fretinf.o
         0          0          0          0          0          0   usenofp.o
       220         16          0          0          0         84   floor.o
        76          0          0          0          0         84   sqrt.o

    ----------------------------------------------------------------------
      4962        266          0          0        100       3692   Library Totals
        18          0          0          0          4          0   (incl. Padding)

    ----------------------------------------------------------------------

      Code (inc. data)   RO Data    RW Data    ZI Data      Debug   Library Name

       820         46          0          0         96       1344   c_w.l
      3828        204          0          0          0       2180   fz_ws.l
       296         16          0          0          0        168   m_ws.l

    ----------------------------------------------------------------------
      4962        266          0          0        100       3692   Library Totals

    ----------------------------------------------------------------------

==============================================================================


      Code (inc. data)   RO Data    RW Data    ZI Data      Debug   

     20110       1166     136354        152       1848     321408   Grand Totals
     20110       1166     136354        152       1848     321408   ELF Image Totals
     20110       1166     136354        152          0          0   ROM Totals

==============================================================================

    Total RO  Size (Code + RO Data)               156464 ( 152.80kB)
    Total RW  Size (RW Data + ZI Data)              2000 (   1.95kB)
    Total ROM Size (Code + RO Data + RW Data)     156616 ( 152.95kB)

==============================================================================

